// Jest Snapshot v1, https://goo.gl/fbAQLP

exports[`MuseovirastoTileLayer .findFeatures fetch features from ArcGIS find service with name 1`] = `
Object {
  "results": Array [
    Object {
      "attributes": Object {
        "OBJECTID": "38430",
        "Shape": "Point",
        "ajoitus": "pronssikautinen,  ,  ,  ",
        "alatyyppi": "hautaröykkiöt,  ,  ,  ",
        "inspireID": "http://paikkatiedot.fi/so/1000272/ps/ProtectedSite/537010015_P38430",
        "kohdenimi": "Rainiola 2. ryhmä                                                                                   ",
        "kunta": "Pori                                                                                                ",
        "laji": "kiinteä muinaisjäännös                                                                              ",
        "luontipvm": "10.11.2010",
        "mjtunnus": "537010015",
        "muutospvm": "28.1.2011",
        "paikannustapa": "Null",
        "paikannustarkkuus": "Null",
        "selite": "Piste on luotu automaattisesti tietokannan koordinaattien avulla",
        "tyyppi": "hautapaikat,  ,  ,  ",
        "url": "www.kyppi.fi/to.aspx?id=112.537010015",
        "vedenalainen": "e",
        "x": "224115.597",
        "y": "6839819.839",
      },
      "displayFieldName": "inspireID",
      "foundFieldName": "kohdenimi",
      "geometry": Object {
        "spatialReference": Object {
          "latestWkid": 3067,
          "wkid": 102139,
        },
        "x": 224115.59750000015,
        "y": 6839819.839899998,
      },
      "geometryType": "esriGeometryPoint",
      "layerId": 0,
      "layerName": "Muinaisjäännökset_piste",
      "value": "Rainiola 2. ryhmä                                                                                   ",
    },
    Object {
      "attributes": Object {
        "OBJECTID": "7454",
        "Shape": "Point",
        "ajoitus": "pronssikautinen,  ,  ,  ",
        "alatyyppi": "hautaröykkiöt,  ,  ,  ",
        "inspireID": "http://paikkatiedot.fi/so/1000272/ps/ProtectedSite/537010016_P7454",
        "kohdenimi": "Rainiola 3. ryhmä                                                                                   ",
        "kunta": "Pori                                                                                                ",
        "laji": "kiinteä muinaisjäännös                                                                              ",
        "luontipvm": "7.11.1996",
        "mjtunnus": "537010016",
        "muutospvm": "28.1.2011",
        "paikannustapa": "Null",
        "paikannustarkkuus": "Null",
        "selite": " ",
        "tyyppi": "hautapaikat,  ,  ,  ",
        "url": "www.kyppi.fi/to.aspx?id=112.537010016",
        "vedenalainen": "e",
        "x": "224212.559",
        "y": "6839989.774",
      },
      "displayFieldName": "inspireID",
      "foundFieldName": "kohdenimi",
      "geometry": Object {
        "spatialReference": Object {
          "latestWkid": 3067,
          "wkid": 102139,
        },
        "x": 224212.55900000036,
        "y": 6839989.774799999,
      },
      "geometryType": "esriGeometryPoint",
      "layerId": 0,
      "layerName": "Muinaisjäännökset_piste",
      "value": "Rainiola 3. ryhmä                                                                                   ",
    },
    Object {
      "attributes": Object {
        "OBJECTID": "38431",
        "Shape": "Point",
        "ajoitus": "pronssikautinen,  ,  ,  ",
        "alatyyppi": "hautaröykkiöt,  ,  ,  ",
        "inspireID": "http://paikkatiedot.fi/so/1000272/ps/ProtectedSite/537010017_P38431",
        "kohdenimi": "Rainiola 4. ryhmä                                                                                   ",
        "kunta": "Pori                                                                                                ",
        "laji": "kiinteä muinaisjäännös                                                                              ",
        "luontipvm": "10.11.2010",
        "mjtunnus": "537010017",
        "muutospvm": "28.1.2011",
        "paikannustapa": "Null",
        "paikannustarkkuus": "Null",
        "selite": "Piste on luotu automaattisesti tietokannan koordinaattien avulla",
        "tyyppi": "hautapaikat,  ,  ,  ",
        "url": "www.kyppi.fi/to.aspx?id=112.537010017",
        "vedenalainen": "e",
        "x": "224355.499",
        "y": "6840148.709",
      },
      "displayFieldName": "inspireID",
      "foundFieldName": "kohdenimi",
      "geometry": Object {
        "spatialReference": Object {
          "latestWkid": 3067,
          "wkid": 102139,
        },
        "x": 224355.49969999958,
        "y": 6840148.708999999,
      },
      "geometryType": "esriGeometryPoint",
      "layerId": 0,
      "layerName": "Muinaisjäännökset_piste",
      "value": "Rainiola 4. ryhmä                                                                                   ",
    },
    Object {
      "attributes": Object {
        "OBJECTID": "38432",
        "Shape": "Point",
        "ajoitus": "pronssikautinen,  ,  ,  ",
        "alatyyppi": "hautaröykkiöt,  ,  ,  ",
        "inspireID": "http://paikkatiedot.fi/so/1000272/ps/ProtectedSite/537010018_P38432",
        "kohdenimi": "Rainiola 1. ryhmä                                                                                   ",
        "kunta": "Pori                                                                                                ",
        "laji": "kiinteä muinaisjäännös                                                                              ",
        "luontipvm": "10.11.2010",
        "mjtunnus": "537010018",
        "muutospvm": "28.1.2011",
        "paikannustapa": "Null",
        "paikannustarkkuus": "Null",
        "selite": "Piste on luotu automaattisesti tietokannan koordinaattien avulla",
        "tyyppi": "hautapaikat,  ,  ,  ",
        "url": "www.kyppi.fi/to.aspx?id=112.537010018",
        "vedenalainen": "e",
        "x": "223898.683",
        "y": "6840097.727",
      },
      "displayFieldName": "inspireID",
      "foundFieldName": "kohdenimi",
      "geometry": Object {
        "spatialReference": Object {
          "latestWkid": 3067,
          "wkid": 102139,
        },
        "x": 223898.68329999968,
        "y": 6840097.727400001,
      },
      "geometryType": "esriGeometryPoint",
      "layerId": 0,
      "layerName": "Muinaisjäännökset_piste",
      "value": "Rainiola 1. ryhmä                                                                                   ",
    },
    Object {
      "attributes": Object {
        "OBJECTID": "7455",
        "Shape": "Point",
        "ajoitus": "pronssikautinen,  ,  ,  ",
        "alatyyppi": "hautaröykkiöt,  ,  ,  ",
        "inspireID": "http://paikkatiedot.fi/so/1000272/ps/ProtectedSite/537010019_P7455",
        "kohdenimi": "Rainiola 5. ryhmä                                                                                   ",
        "kunta": "Pori                                                                                                ",
        "laji": "kiinteä muinaisjäännös                                                                              ",
        "luontipvm": "7.11.1996",
        "mjtunnus": "537010019",
        "muutospvm": "28.1.2011",
        "paikannustapa": "Null",
        "paikannustarkkuus": "Null",
        "selite": " ",
        "tyyppi": "hautapaikat,  ,  ,  ",
        "url": "www.kyppi.fi/to.aspx?id=112.537010019",
        "vedenalainen": "e",
        "x": "223992.648",
        "y": "6840331.634",
      },
      "displayFieldName": "inspireID",
      "foundFieldName": "kohdenimi",
      "geometry": Object {
        "spatialReference": Object {
          "latestWkid": 3067,
          "wkid": 102139,
        },
        "x": 223992.64850000013,
        "y": 6840331.6349,
      },
      "geometryType": "esriGeometryPoint",
      "layerId": 0,
      "layerName": "Muinaisjäännökset_piste",
      "value": "Rainiola 5. ryhmä                                                                                   ",
    },
  ],
}
`;

exports[`MuseovirastoTileLayer .identifyFeaturesAt fetch features by map coordinate from ArcGIS identify service 1`] = `
Object {
  "results": Array [
    Object {
      "attributes": Object {
        "OBJECTID": "29025",
        "Shape": "Point",
        "ajoitus": "historiallinen,  ,  ,  ",
        "alatyyppi": "luolat,  ,  ,  ",
        "inspireID": "http://paikkatiedot.fi/so/1000272/ps/ProtectedSite/1000013921_P29025",
        "kohdenimi": "Luola G 10 (Itä-Pasila)                                                                             ",
        "kunta": "Helsinki                                                                                            ",
        "laji": "kiinteä muinaisjäännös                                                                              ",
        "luontipvm": "18.3.2009",
        "mjtunnus": "1000013921",
        "muutospvm": "12.5.2017 10:28:34",
        "paikannustapa": "Maastomittaus",
        "paikannustarkkuus": "Ohjeellinen (10 - 100 m)",
        "selite": "Koordinaatit luolan keskipisteestä",
        "tyyppi": "puolustusvarustukset,  ,  ,  ",
        "url": "www.kyppi.fi/to.aspx?id=112.1000013921",
        "vedenalainen": "e",
        "x": "385680.152",
        "y": "6675217.333",
      },
      "displayFieldName": "inspireID",
      "geometry": Object {
        "spatialReference": Object {
          "latestWkid": 3067,
          "wkid": 102139,
        },
        "x": 385664.0619000001,
        "y": 6675169.519099999,
      },
      "geometryType": "esriGeometryPoint",
      "layerId": 0,
      "layerName": "Muinaisjäännökset_piste",
      "value": "http://paikkatiedot.fi/so/1000272/ps/ProtectedSite/1000013921_P29025",
    },
    Object {
      "attributes": Object {
        "OBJECTID": "198218",
        "Shape": "Polygon",
        "digimk": "Null",
        "digipvm": "Null",
        "inspireID": "http://paikkatiedot.fi/so/1000272/ps/ProtectedSite/1000013921_A198218",
        "kohdenimi": "Luola G 10 (Itä-Pasila)                                                                             ",
        "kunta": "Helsinki                                                                                            ",
        "laji": "kiinteä muinaisjäännös                                                                              ",
        "lähdetiedon_ajoitus": "",
        "mjtunnus": "1000013921",
        "muutospvm": "",
        "url": "www.kyppi.fi/to.aspx?id=112.1000013921",
      },
      "displayFieldName": "inspireID",
      "geometry": Object {
        "rings": Array [
          Array [
            Array [
              385621.9369000001,
              6675239.394099999,
            ],
            Array [
              385710.3119000001,
              6675234.644099999,
            ],
            Array [
              385698.8119000001,
              6675068.394099999,
            ],
            Array [
              385608.5619000001,
              6675069.519099999,
            ],
            Array [
              385621.9369000001,
              6675239.394099999,
            ],
          ],
        ],
        "spatialReference": Object {
          "latestWkid": 3067,
          "wkid": 102139,
        },
      },
      "geometryType": "esriGeometryPolygon",
      "layerId": 1,
      "layerName": "Muinaisjäännökset_alue",
      "value": "http://paikkatiedot.fi/so/1000272/ps/ProtectedSite/1000013921_A198218",
    },
    Object {
      "attributes": Object {
        "OBJECTID": "1686",
        "Shape": "Point",
        "inspireID": "http://paikkatiedot.fi/so/1000000/ps/ProtectedSite/304218_1686",
        "kohdeID": "200316",
        "kohdenimi": "Pasilan veturitallit ja rautatieläistalot",
        "kunta": "Helsinki                                                                                            ",
        "rakennusID": "304218",
        "rakennusnimi": "Veturitalli                                                                                         ",
        "suojelun_tila": "Suojeltu                                                                                            ",
        "suojeluryhmä": "Rautatiesopimus 1998,  ,  ,  ",
        "url": "www.kyppi.fi/to.aspx?id=130.200316",
        "vtj_prt": "102317349M               ",
        "x": "385414.449",
        "y": "6674926.842",
      },
      "displayFieldName": "inspireID",
      "geometry": Object {
        "spatialReference": Object {
          "latestWkid": 3067,
          "wkid": 102139,
        },
        "x": 385414.4494000003,
        "y": 6674926.842599999,
      },
      "geometryType": "esriGeometryPoint",
      "layerId": 2,
      "layerName": "Suojellut_rakennukset_piste",
      "value": "http://paikkatiedot.fi/so/1000000/ps/ProtectedSite/304218_1686",
    },
    Object {
      "attributes": Object {
        "OBJECTID": "1685",
        "Shape": "Point",
        "inspireID": "http://paikkatiedot.fi/so/1000000/ps/ProtectedSite/304221_1685",
        "kohdeID": "200316",
        "kohdenimi": "Pasilan veturitallit ja rautatieläistalot",
        "kunta": "Helsinki                                                                                            ",
        "rakennusID": "304221",
        "rakennusnimi": "Veturitalli                                                                                         ",
        "suojelun_tila": "Suojeltu                                                                                            ",
        "suojeluryhmä": "Rautatiesopimus 1998,  ,  ,  ",
        "url": "www.kyppi.fi/to.aspx?id=130.200316",
        "vtj_prt": "Null",
        "x": "385390.165",
        "y": "6675012.637",
      },
      "displayFieldName": "inspireID",
      "geometry": Object {
        "spatialReference": Object {
          "latestWkid": 3067,
          "wkid": 102139,
        },
        "x": 385390.1651999997,
        "y": 6675012.6373,
      },
      "geometryType": "esriGeometryPoint",
      "layerId": 2,
      "layerName": "Suojellut_rakennukset_piste",
      "value": "http://paikkatiedot.fi/so/1000000/ps/ProtectedSite/304221_1685",
    },
    Object {
      "attributes": Object {
        "OBJECTID": "1679",
        "Shape": "Point",
        "inspireID": "http://paikkatiedot.fi/so/1000000/ps/ProtectedSite/304222_1679",
        "kohdeID": "200316",
        "kohdenimi": "Pasilan veturitallit ja rautatieläistalot",
        "kunta": "Helsinki                                                                                            ",
        "rakennusID": "304222",
        "rakennusnimi": "Veturitalli                                                                                         ",
        "suojelun_tila": "Suojeltu                                                                                            ",
        "suojeluryhmä": "Rautatiesopimus 1998,  ,  ,  ",
        "url": "www.kyppi.fi/to.aspx?id=130.200316",
        "vtj_prt": "102317346J               ",
        "x": "385368.693",
        "y": "6675070.986",
      },
      "displayFieldName": "inspireID",
      "geometry": Object {
        "spatialReference": Object {
          "latestWkid": 3067,
          "wkid": 102139,
        },
        "x": 385368.6935999999,
        "y": 6675070.9869,
      },
      "geometryType": "esriGeometryPoint",
      "layerId": 2,
      "layerName": "Suojellut_rakennukset_piste",
      "value": "http://paikkatiedot.fi/so/1000000/ps/ProtectedSite/304222_1679",
    },
    Object {
      "attributes": Object {
        "OBJECTID": "1682",
        "Shape": "Point",
        "inspireID": "http://paikkatiedot.fi/so/1000000/ps/ProtectedSite/304144_1682",
        "kohdeID": "200316",
        "kohdenimi": "Pasilan veturitallit ja rautatieläistalot",
        "kunta": "Helsinki                                                                                            ",
        "rakennusID": "304144",
        "rakennusnimi": "Sauna-pesula                                                                                        ",
        "suojelun_tila": "Suojeltu                                                                                            ",
        "suojeluryhmä": "Rautatiesopimus 1998,  ,  ,  ",
        "url": "www.kyppi.fi/to.aspx?id=130.200316",
        "vtj_prt": "102317340B               ",
        "x": "385314.829",
        "y": "6674835.798",
      },
      "displayFieldName": "inspireID",
      "geometry": Object {
        "spatialReference": Object {
          "latestWkid": 3067,
          "wkid": 102139,
        },
        "x": 385314.8295999998,
        "y": 6674835.7982,
      },
      "geometryType": "esriGeometryPoint",
      "layerId": 2,
      "layerName": "Suojellut_rakennukset_piste",
      "value": "http://paikkatiedot.fi/so/1000000/ps/ProtectedSite/304144_1682",
    },
    Object {
      "attributes": Object {
        "OBJECTID": "1680",
        "Shape": "Point",
        "inspireID": "http://paikkatiedot.fi/so/1000000/ps/ProtectedSite/304131_1680",
        "kohdeID": "200316",
        "kohdenimi": "Pasilan veturitallit ja rautatieläistalot",
        "kunta": "Helsinki                                                                                            ",
        "rakennusID": "304131",
        "rakennusnimi": "Asuinkasarmi                                                                                        ",
        "suojelun_tila": "Suojeltu                                                                                            ",
        "suojeluryhmä": "Rautatiesopimus 1998,  ,  ,  ",
        "url": "www.kyppi.fi/to.aspx?id=130.200316",
        "vtj_prt": "102317348L               ",
        "x": "385304.381",
        "y": "6674884.819",
      },
      "displayFieldName": "inspireID",
      "geometry": Object {
        "spatialReference": Object {
          "latestWkid": 3067,
          "wkid": 102139,
        },
        "x": 385304.3814000003,
        "y": 6674884.8192,
      },
      "geometryType": "esriGeometryPoint",
      "layerId": 2,
      "layerName": "Suojellut_rakennukset_piste",
      "value": "http://paikkatiedot.fi/so/1000000/ps/ProtectedSite/304131_1680",
    },
    Object {
      "attributes": Object {
        "OBJECTID": "1683",
        "Shape": "Point",
        "inspireID": "http://paikkatiedot.fi/so/1000000/ps/ProtectedSite/304081_1683",
        "kohdeID": "200316",
        "kohdenimi": "Pasilan veturitallit ja rautatieläistalot",
        "kunta": "Helsinki                                                                                            ",
        "rakennusID": "304081",
        "rakennusnimi": "Asuinkasarmi Toralinna                                                                              ",
        "suojelun_tila": "Suojeltu                                                                                            ",
        "suojeluryhmä": "Rautatiesopimus 1998,  ,  ,  ",
        "url": "www.kyppi.fi/to.aspx?id=130.200316",
        "vtj_prt": "1023076570               ",
        "x": "385277.495",
        "y": "6674877.72",
      },
      "displayFieldName": "inspireID",
      "geometry": Object {
        "spatialReference": Object {
          "latestWkid": 3067,
          "wkid": 102139,
        },
        "x": 385277.49569999985,
        "y": 6674877.7202,
      },
      "geometryType": "esriGeometryPoint",
      "layerId": 2,
      "layerName": "Suojellut_rakennukset_piste",
      "value": "http://paikkatiedot.fi/so/1000000/ps/ProtectedSite/304081_1683",
    },
    Object {
      "attributes": Object {
        "OBJECTID": "1681",
        "Shape": "Point",
        "inspireID": "http://paikkatiedot.fi/so/1000000/ps/ProtectedSite/304599_1681",
        "kohdeID": "200316",
        "kohdenimi": "Pasilan veturitallit ja rautatieläistalot",
        "kunta": "Helsinki                                                                                            ",
        "rakennusID": "304599",
        "rakennusnimi": "Konttori                                                                                            ",
        "suojelun_tila": "Suojeltu                                                                                            ",
        "suojeluryhmä": "Rautatiesopimus 1998,  ,  ,  ",
        "url": "www.kyppi.fi/to.aspx?id=130.200316",
        "vtj_prt": "Null",
        "x": "385396.017",
        "y": "6674986.491",
      },
      "displayFieldName": "inspireID",
      "geometry": Object {
        "spatialReference": Object {
          "latestWkid": 3067,
          "wkid": 102139,
        },
        "x": 385396.0175000001,
        "y": 6674986.4915,
      },
      "geometryType": "esriGeometryPoint",
      "layerId": 2,
      "layerName": "Suojellut_rakennukset_piste",
      "value": "http://paikkatiedot.fi/so/1000000/ps/ProtectedSite/304599_1681",
    },
    Object {
      "attributes": Object {
        "ID": "1578",
        "OBJECTID": "1292",
        "SHAPE": "Polygon",
        "inspireID": "http://paikkatiedot.fi/so/1000034/ps/ProtectedSite/1578_A1292",
        "kohdenimi": "Pasilan veturitallit, konepaja ja SOK:n teollisuuskorttelit",
        "nimi": " ",
        "url": "http://www.rky.fi/read/asp/r_kohde_det.aspx?KOHDE_ID=1578",
      },
      "displayFieldName": "inspireID",
      "geometry": Object {
        "rings": Array [
          Array [
            Array [
              385352.22589999996,
              6675109.8452,
            ],
            Array [
              385366.80510000046,
              6675118.923699999,
            ],
            Array [
              385393.2260999996,
              6675124.4728999995,
            ],
            Array [
              385439.40490000043,
              6675122.0735,
            ],
            Array [
              385445.8041000003,
              6675093.2885,
            ],
            Array [
              385441.5412999997,
              6674985.6171,
            ],
            Array [
              385421.2810000004,
              6674863.5481,
            ],
            Array [
              385406.3640999999,
              6674767.0746,
            ],
            Array [
              385400.5011999998,
              6674714.8336,
            ],
            Array [
              385325.7740000002,
              6674692.597100001,
            ],
            Array [
              385287.40419999976,
              6674736.9692,
            ],
            Array [
              385240.7139999997,
              6674761.524700001,
            ],
            Array [
              385253.8830000004,
              6674798.238500001,
            ],
            Array [
              385258.3110999996,
              6674827.513499999,
            ],
            Array [
              385240.71329999994,
              6674905.969799999,
            ],
            Array [
              385229.2670999998,
              6674978.9372000005,
            ],
            Array [
              385369.7662000004,
              6674988.086300001,
            ],
            Array [
              385355.0959999999,
              6675021.8204,
            ],
            Array [
              385348.04530000035,
              6675056.8544,
            ],
            Array [
              385344.1035000002,
              6675080.4802,
            ],
            Array [
              385352.22589999996,
              6675109.8452,
            ],
          ],
        ],
        "spatialReference": Object {
          "latestWkid": 3067,
          "wkid": 102139,
        },
      },
      "geometryType": "esriGeometryPolygon",
      "layerId": 4,
      "layerName": "RKY_alue",
      "value": "http://paikkatiedot.fi/so/1000034/ps/ProtectedSite/1578_A1292",
    },
  ],
}
`;

exports[`MuseovirastoTileLayer .identifyFeaturesAt fetch features by map coordinate from ArcGIS identify service 2`] = `
Object {
  "results": Array [
    Object {
      "attributes": Object {
        "OBJECTID": "29025",
        "Shape": "Point",
        "ajoitus": "historiallinen,  ,  ,  ",
        "alatyyppi": "luolat,  ,  ,  ",
        "inspireID": "http://paikkatiedot.fi/so/1000272/ps/ProtectedSite/1000013921_P29025",
        "kohdenimi": "Luola G 10 (Itä-Pasila)                                                                             ",
        "kunta": "Helsinki                                                                                            ",
        "laji": "kiinteä muinaisjäännös                                                                              ",
        "luontipvm": "18.3.2009",
        "mjtunnus": "1000013921",
        "muutospvm": "12.5.2017 10:28:34",
        "paikannustapa": "Maastomittaus",
        "paikannustarkkuus": "Ohjeellinen (10 - 100 m)",
        "selite": "Koordinaatit luolan keskipisteestä",
        "tyyppi": "puolustusvarustukset,  ,  ,  ",
        "url": "www.kyppi.fi/to.aspx?id=112.1000013921",
        "vedenalainen": "e",
        "x": "385680.152",
        "y": "6675217.333",
      },
      "displayFieldName": "inspireID",
      "geometry": Object {
        "spatialReference": Object {
          "latestWkid": 3067,
          "wkid": 102139,
        },
        "x": 385664.0619000001,
        "y": 6675169.519099999,
      },
      "geometryType": "esriGeometryPoint",
      "layerId": 0,
      "layerName": "Muinaisjäännökset_piste",
      "value": "http://paikkatiedot.fi/so/1000272/ps/ProtectedSite/1000013921_P29025",
    },
    Object {
      "attributes": Object {
        "OBJECTID": "198218",
        "Shape": "Polygon",
        "digimk": "Null",
        "digipvm": "Null",
        "inspireID": "http://paikkatiedot.fi/so/1000272/ps/ProtectedSite/1000013921_A198218",
        "kohdenimi": "Luola G 10 (Itä-Pasila)                                                                             ",
        "kunta": "Helsinki                                                                                            ",
        "laji": "kiinteä muinaisjäännös                                                                              ",
        "lähdetiedon_ajoitus": "",
        "mjtunnus": "1000013921",
        "muutospvm": "",
        "url": "www.kyppi.fi/to.aspx?id=112.1000013921",
      },
      "displayFieldName": "inspireID",
      "geometry": Object {
        "rings": Array [
          Array [
            Array [
              385621.9369000001,
              6675239.394099999,
            ],
            Array [
              385710.3119000001,
              6675234.644099999,
            ],
            Array [
              385698.8119000001,
              6675068.394099999,
            ],
            Array [
              385608.5619000001,
              6675069.519099999,
            ],
            Array [
              385621.9369000001,
              6675239.394099999,
            ],
          ],
        ],
        "spatialReference": Object {
          "latestWkid": 3067,
          "wkid": 102139,
        },
      },
      "geometryType": "esriGeometryPolygon",
      "layerId": 1,
      "layerName": "Muinaisjäännökset_alue",
      "value": "http://paikkatiedot.fi/so/1000272/ps/ProtectedSite/1000013921_A198218",
    },
    Object {
      "attributes": Object {
        "OBJECTID": "1682",
        "Shape": "Point",
        "inspireID": "http://paikkatiedot.fi/so/1000000/ps/ProtectedSite/304144_1682",
        "kohdeID": "200316",
        "kohdenimi": "Pasilan veturitallit ja rautatieläistalot",
        "kunta": "Helsinki                                                                                            ",
        "rakennusID": "304144",
        "rakennusnimi": "Sauna-pesula                                                                                        ",
        "suojelun_tila": "Suojeltu                                                                                            ",
        "suojeluryhmä": "Rautatiesopimus 1998,  ,  ,  ",
        "url": "www.kyppi.fi/to.aspx?id=130.200316",
        "vtj_prt": "102317340B               ",
        "x": "385314.829",
        "y": "6674835.798",
      },
      "displayFieldName": "inspireID",
      "geometry": Object {
        "spatialReference": Object {
          "latestWkid": 3067,
          "wkid": 102139,
        },
        "x": 385314.8295999998,
        "y": 6674835.7982,
      },
      "geometryType": "esriGeometryPoint",
      "layerId": 2,
      "layerName": "Suojellut_rakennukset_piste",
      "value": "http://paikkatiedot.fi/so/1000000/ps/ProtectedSite/304144_1682",
    },
    Object {
      "attributes": Object {
        "OBJECTID": "1685",
        "Shape": "Point",
        "inspireID": "http://paikkatiedot.fi/so/1000000/ps/ProtectedSite/304221_1685",
        "kohdeID": "200316",
        "kohdenimi": "Pasilan veturitallit ja rautatieläistalot",
        "kunta": "Helsinki                                                                                            ",
        "rakennusID": "304221",
        "rakennusnimi": "Veturitalli                                                                                         ",
        "suojelun_tila": "Suojeltu                                                                                            ",
        "suojeluryhmä": "Rautatiesopimus 1998,  ,  ,  ",
        "url": "www.kyppi.fi/to.aspx?id=130.200316",
        "vtj_prt": "Null",
        "x": "385390.165",
        "y": "6675012.637",
      },
      "displayFieldName": "inspireID",
      "geometry": Object {
        "spatialReference": Object {
          "latestWkid": 3067,
          "wkid": 102139,
        },
        "x": 385390.1651999997,
        "y": 6675012.6373,
      },
      "geometryType": "esriGeometryPoint",
      "layerId": 2,
      "layerName": "Suojellut_rakennukset_piste",
      "value": "http://paikkatiedot.fi/so/1000000/ps/ProtectedSite/304221_1685",
    },
    Object {
      "attributes": Object {
        "OBJECTID": "1679",
        "Shape": "Point",
        "inspireID": "http://paikkatiedot.fi/so/1000000/ps/ProtectedSite/304222_1679",
        "kohdeID": "200316",
        "kohdenimi": "Pasilan veturitallit ja rautatieläistalot",
        "kunta": "Helsinki                                                                                            ",
        "rakennusID": "304222",
        "rakennusnimi": "Veturitalli                                                                                         ",
        "suojelun_tila": "Suojeltu                                                                                            ",
        "suojeluryhmä": "Rautatiesopimus 1998,  ,  ,  ",
        "url": "www.kyppi.fi/to.aspx?id=130.200316",
        "vtj_prt": "102317346J               ",
        "x": "385368.693",
        "y": "6675070.986",
      },
      "displayFieldName": "inspireID",
      "geometry": Object {
        "spatialReference": Object {
          "latestWkid": 3067,
          "wkid": 102139,
        },
        "x": 385368.6935999999,
        "y": 6675070.9869,
      },
      "geometryType": "esriGeometryPoint",
      "layerId": 2,
      "layerName": "Suojellut_rakennukset_piste",
      "value": "http://paikkatiedot.fi/so/1000000/ps/ProtectedSite/304222_1679",
    },
    Object {
      "attributes": Object {
        "OBJECTID": "1680",
        "Shape": "Point",
        "inspireID": "http://paikkatiedot.fi/so/1000000/ps/ProtectedSite/304131_1680",
        "kohdeID": "200316",
        "kohdenimi": "Pasilan veturitallit ja rautatieläistalot",
        "kunta": "Helsinki                                                                                            ",
        "rakennusID": "304131",
        "rakennusnimi": "Asuinkasarmi                                                                                        ",
        "suojelun_tila": "Suojeltu                                                                                            ",
        "suojeluryhmä": "Rautatiesopimus 1998,  ,  ,  ",
        "url": "www.kyppi.fi/to.aspx?id=130.200316",
        "vtj_prt": "102317348L               ",
        "x": "385304.381",
        "y": "6674884.819",
      },
      "displayFieldName": "inspireID",
      "geometry": Object {
        "spatialReference": Object {
          "latestWkid": 3067,
          "wkid": 102139,
        },
        "x": 385304.3814000003,
        "y": 6674884.8192,
      },
      "geometryType": "esriGeometryPoint",
      "layerId": 2,
      "layerName": "Suojellut_rakennukset_piste",
      "value": "http://paikkatiedot.fi/so/1000000/ps/ProtectedSite/304131_1680",
    },
    Object {
      "attributes": Object {
        "OBJECTID": "1686",
        "Shape": "Point",
        "inspireID": "http://paikkatiedot.fi/so/1000000/ps/ProtectedSite/304218_1686",
        "kohdeID": "200316",
        "kohdenimi": "Pasilan veturitallit ja rautatieläistalot",
        "kunta": "Helsinki                                                                                            ",
        "rakennusID": "304218",
        "rakennusnimi": "Veturitalli                                                                                         ",
        "suojelun_tila": "Suojeltu                                                                                            ",
        "suojeluryhmä": "Rautatiesopimus 1998,  ,  ,  ",
        "url": "www.kyppi.fi/to.aspx?id=130.200316",
        "vtj_prt": "102317349M               ",
        "x": "385414.449",
        "y": "6674926.842",
      },
      "displayFieldName": "inspireID",
      "geometry": Object {
        "spatialReference": Object {
          "latestWkid": 3067,
          "wkid": 102139,
        },
        "x": 385414.4494000003,
        "y": 6674926.842599999,
      },
      "geometryType": "esriGeometryPoint",
      "layerId": 2,
      "layerName": "Suojellut_rakennukset_piste",
      "value": "http://paikkatiedot.fi/so/1000000/ps/ProtectedSite/304218_1686",
    },
    Object {
      "attributes": Object {
        "OBJECTID": "1681",
        "Shape": "Point",
        "inspireID": "http://paikkatiedot.fi/so/1000000/ps/ProtectedSite/304599_1681",
        "kohdeID": "200316",
        "kohdenimi": "Pasilan veturitallit ja rautatieläistalot",
        "kunta": "Helsinki                                                                                            ",
        "rakennusID": "304599",
        "rakennusnimi": "Konttori                                                                                            ",
        "suojelun_tila": "Suojeltu                                                                                            ",
        "suojeluryhmä": "Rautatiesopimus 1998,  ,  ,  ",
        "url": "www.kyppi.fi/to.aspx?id=130.200316",
        "vtj_prt": "Null",
        "x": "385396.017",
        "y": "6674986.491",
      },
      "displayFieldName": "inspireID",
      "geometry": Object {
        "spatialReference": Object {
          "latestWkid": 3067,
          "wkid": 102139,
        },
        "x": 385396.0175000001,
        "y": 6674986.4915,
      },
      "geometryType": "esriGeometryPoint",
      "layerId": 2,
      "layerName": "Suojellut_rakennukset_piste",
      "value": "http://paikkatiedot.fi/so/1000000/ps/ProtectedSite/304599_1681",
    },
    Object {
      "attributes": Object {
        "OBJECTID": "1683",
        "Shape": "Point",
        "inspireID": "http://paikkatiedot.fi/so/1000000/ps/ProtectedSite/304081_1683",
        "kohdeID": "200316",
        "kohdenimi": "Pasilan veturitallit ja rautatieläistalot",
        "kunta": "Helsinki                                                                                            ",
        "rakennusID": "304081",
        "rakennusnimi": "Asuinkasarmi Toralinna                                                                              ",
        "suojelun_tila": "Suojeltu                                                                                            ",
        "suojeluryhmä": "Rautatiesopimus 1998,  ,  ,  ",
        "url": "www.kyppi.fi/to.aspx?id=130.200316",
        "vtj_prt": "1023076570               ",
        "x": "385277.495",
        "y": "6674877.72",
      },
      "displayFieldName": "inspireID",
      "geometry": Object {
        "spatialReference": Object {
          "latestWkid": 3067,
          "wkid": 102139,
        },
        "x": 385277.49569999985,
        "y": 6674877.7202,
      },
      "geometryType": "esriGeometryPoint",
      "layerId": 2,
      "layerName": "Suojellut_rakennukset_piste",
      "value": "http://paikkatiedot.fi/so/1000000/ps/ProtectedSite/304081_1683",
    },
    Object {
      "attributes": Object {
        "ID": "1578",
        "OBJECTID": "1292",
        "SHAPE": "Polygon",
        "inspireID": "http://paikkatiedot.fi/so/1000034/ps/ProtectedSite/1578_A1292",
        "kohdenimi": "Pasilan veturitallit, konepaja ja SOK:n teollisuuskorttelit",
        "nimi": " ",
        "url": "http://www.rky.fi/read/asp/r_kohde_det.aspx?KOHDE_ID=1578",
      },
      "displayFieldName": "inspireID",
      "geometry": Object {
        "rings": Array [
          Array [
            Array [
              385352.22589999996,
              6675109.8452,
            ],
            Array [
              385366.80510000046,
              6675118.923699999,
            ],
            Array [
              385393.2260999996,
              6675124.4728999995,
            ],
            Array [
              385439.40490000043,
              6675122.0735,
            ],
            Array [
              385445.8041000003,
              6675093.2885,
            ],
            Array [
              385441.5412999997,
              6674985.6171,
            ],
            Array [
              385421.2810000004,
              6674863.5481,
            ],
            Array [
              385406.3640999999,
              6674767.0746,
            ],
            Array [
              385400.5011999998,
              6674714.8336,
            ],
            Array [
              385325.7740000002,
              6674692.597100001,
            ],
            Array [
              385287.40419999976,
              6674736.9692,
            ],
            Array [
              385240.7139999997,
              6674761.524700001,
            ],
            Array [
              385253.8830000004,
              6674798.238500001,
            ],
            Array [
              385258.3110999996,
              6674827.513499999,
            ],
            Array [
              385240.71329999994,
              6674905.969799999,
            ],
            Array [
              385229.2670999998,
              6674978.9372000005,
            ],
            Array [
              385369.7662000004,
              6674988.086300001,
            ],
            Array [
              385355.0959999999,
              6675021.8204,
            ],
            Array [
              385348.04530000035,
              6675056.8544,
            ],
            Array [
              385344.1035000002,
              6675080.4802,
            ],
            Array [
              385352.22589999996,
              6675109.8452,
            ],
          ],
        ],
        "spatialReference": Object {
          "latestWkid": 3067,
          "wkid": 102139,
        },
      },
      "geometryType": "esriGeometryPolygon",
      "layerId": 4,
      "layerName": "RKY_alue",
      "value": "http://paikkatiedot.fi/so/1000034/ps/ProtectedSite/1578_A1292",
    },
  ],
}
`;
