// Jest Snapshot v1, https://goo.gl/fbAQLP

exports[`MuseovirastoArcGISWMS .findFeatures fetch features from ArcGIS find service with name 1`] = `
Array [
  Object {
    "attributes": Object {
      "OBJECTID": "1517",
      "Shape": "Point",
      "ajoitus": "ajoittamaton,  ,  ,  ",
      "alatyyppi": "röykkiöt,  ,  ,  ",
      "inspireID": "http://paikkatiedot.fi/so/1000272/ps/ProtectedSite/99010021_P1517",
      "kohdenimi": "Kissasaari                                                                                          ",
      "kunta": "Honkajoki                                                                                           ",
      "laji": "kiinteä muinaisjäännös                                                                              ",
      "luontipvm": "7.11.1996",
      "mjtunnus": "99010021",
      "muutospvm": "28.1.2011",
      "paikannustapa": "Null",
      "paikannustarkkuus": "Null",
      "selite": " ",
      "tyyppi": "kivirakenteet,  ,  ,  ",
      "url": "www.kyppi.fi/to.aspx?id=112.99010021",
      "vedenalainen": "e",
      "x": "248950.478",
      "y": "6872956.642",
    },
    "displayFieldName": "inspireID",
    "foundFieldName": "kohdenimi",
    "geometry": Object {
      "spatialReference": Object {
        "latestWkid": 3067,
        "wkid": 102139,
      },
      "x": 248950.47890000045,
      "y": 6872956.642499998,
    },
    "geometryType": "esriGeometryPoint",
    "layerId": 0,
    "layerName": "Muinaisjäännökset_piste",
    "value": "Kissasaari                                                                                          ",
  },
  Object {
    "attributes": Object {
      "OBJECTID": "2721",
      "Shape": "Point",
      "ajoitus": "varhaismetallikautinen,  ,  ,  ",
      "alatyyppi": "lapinrauniot,  ,  ,  ",
      "inspireID": "http://paikkatiedot.fi/so/1000272/ps/ProtectedSite/171010003_P2721",
      "kohdenimi": "Kissanniemi                                                                                         ",
      "kunta": "Joroinen                                                                                            ",
      "laji": "kiinteä muinaisjäännös                                                                              ",
      "luontipvm": "10.4.2002",
      "mjtunnus": "171010003",
      "muutospvm": "28.1.2011",
      "paikannustapa": "Null",
      "paikannustarkkuus": "Null",
      "selite": " ",
      "tyyppi": "hautapaikat,  ,  ,  ",
      "url": "www.kyppi.fi/to.aspx?id=112.171010003",
      "vedenalainen": "e",
      "x": "550952.179",
      "y": "6894910.865",
    },
    "displayFieldName": "inspireID",
    "foundFieldName": "kohdenimi",
    "geometry": Object {
      "spatialReference": Object {
        "latestWkid": 3067,
        "wkid": 102139,
      },
      "x": 550952.1797000002,
      "y": 6894910.865200002,
    },
    "geometryType": "esriGeometryPoint",
    "layerId": 0,
    "layerName": "Muinaisjäännökset_piste",
    "value": "Kissanniemi                                                                                         ",
  },
  Object {
    "attributes": Object {
      "OBJECTID": "3107",
      "Shape": "Point",
      "ajoitus": "rautakautinen,  ,  ,  ",
      "alatyyppi": "polttokenttäkalmistot,  ,  ,  ",
      "inspireID": "http://paikkatiedot.fi/so/1000272/ps/ProtectedSite/183010054_P3107",
      "kohdenimi": "Kissankallio                                                                                        ",
      "kunta": "Jämsä                                                                                               ",
      "laji": "kiinteä muinaisjäännös                                                                              ",
      "luontipvm": "7.12.1999",
      "mjtunnus": "183010054",
      "muutospvm": "28.1.2011",
      "paikannustapa": "Null",
      "paikannustarkkuus": "Null",
      "selite": " ",
      "tyyppi": "hautapaikat,  ,  ,  ",
      "url": "www.kyppi.fi/to.aspx?id=112.183010054",
      "vedenalainen": "e",
      "x": "404286.104",
      "y": "6862719.436",
    },
    "displayFieldName": "inspireID",
    "foundFieldName": "kohdenimi",
    "geometry": Object {
      "spatialReference": Object {
        "latestWkid": 3067,
        "wkid": 102139,
      },
      "x": 404286.10419999994,
      "y": 6862719.4362,
    },
    "geometryType": "esriGeometryPoint",
    "layerId": 0,
    "layerName": "Muinaisjäännökset_piste",
    "value": "Kissankallio                                                                                        ",
  },
  Object {
    "attributes": Object {
      "OBJECTID": "46994",
      "Shape": "Point",
      "ajoitus": "kivikautinen,  ,  ,  ",
      "alatyyppi": "ei määritelty,  ,  ,  ",
      "inspireID": "http://paikkatiedot.fi/so/1000272/ps/ProtectedSite/436010005_P46994",
      "kohdenimi": "Granlund, Kissaviia                                                                                 ",
      "kunta": "Siikalatva                                                                                          ",
      "laji": "kiinteä muinaisjäännös                                                                              ",
      "luontipvm": "4.10.2012",
      "mjtunnus": "436010005",
      "muutospvm": "Null",
      "paikannustapa": "Null",
      "paikannustarkkuus": "Null",
      "selite": "Piste on luotu automaattisesti tietokannan koordinaattien avulla",
      "tyyppi": "asuinpaikat,  ,  ,  ",
      "url": "www.kyppi.fi/to.aspx?id=112.436010005",
      "vedenalainen": "e",
      "x": "446359",
      "y": "7154273",
    },
    "displayFieldName": "inspireID",
    "foundFieldName": "kohdenimi",
    "geometry": Object {
      "spatialReference": Object {
        "latestWkid": 3067,
        "wkid": 102139,
      },
      "x": 446359,
      "y": 7154273,
    },
    "geometryType": "esriGeometryPoint",
    "layerId": 0,
    "layerName": "Muinaisjäännökset_piste",
    "value": "Granlund, Kissaviia                                                                                 ",
  },
  Object {
    "attributes": Object {
      "OBJECTID": "7756",
      "Shape": "Point",
      "ajoitus": "kivikautinen,  ,  ,  ",
      "alatyyppi": "ei määritelty,  ,  ,  ",
      "inspireID": "http://paikkatiedot.fi/so/1000272/ps/ProtectedSite/560010048_P7756",
      "kohdenimi": "Kissakoski 1                                                                                        ",
      "kunta": "Orimattila                                                                                          ",
      "laji": "kiinteä muinaisjäännös                                                                              ",
      "luontipvm": "14.6.2002",
      "mjtunnus": "560010048",
      "muutospvm": "28.1.2011",
      "paikannustapa": "Null",
      "paikannustarkkuus": "Null",
      "selite": " ",
      "tyyppi": "asuinpaikat,  ,  ,  ",
      "url": "www.kyppi.fi/to.aspx?id=112.560010048",
      "vedenalainen": "e",
      "x": "428259.035",
      "y": "6735212.827",
    },
    "displayFieldName": "inspireID",
    "foundFieldName": "kohdenimi",
    "geometry": Object {
      "spatialReference": Object {
        "latestWkid": 3067,
        "wkid": 102139,
      },
      "x": 428259.03500000015,
      "y": 6735212.8278,
    },
    "geometryType": "esriGeometryPoint",
    "layerId": 0,
    "layerName": "Muinaisjäännökset_piste",
    "value": "Kissakoski 1                                                                                        ",
  },
  Object {
    "attributes": Object {
      "OBJECTID": "7757",
      "Shape": "Point",
      "ajoitus": "kivikautinen,  ,  ,  ",
      "alatyyppi": "ei määritelty,  ,  ,  ",
      "inspireID": "http://paikkatiedot.fi/so/1000272/ps/ProtectedSite/560010049_P7757",
      "kohdenimi": "Kissakoski 2                                                                                        ",
      "kunta": "Orimattila                                                                                          ",
      "laji": "kiinteä muinaisjäännös                                                                              ",
      "luontipvm": "14.6.2002",
      "mjtunnus": "560010049",
      "muutospvm": "28.1.2011",
      "paikannustapa": "Null",
      "paikannustarkkuus": "Null",
      "selite": " ",
      "tyyppi": "asuinpaikat,  ,  ,  ",
      "url": "www.kyppi.fi/to.aspx?id=112.560010049",
      "vedenalainen": "e",
      "x": "428339.001",
      "y": "6735092.878",
    },
    "displayFieldName": "inspireID",
    "foundFieldName": "kohdenimi",
    "geometry": Object {
      "spatialReference": Object {
        "latestWkid": 3067,
        "wkid": 102139,
      },
      "x": 428339.0016999999,
      "y": 6735092.878900001,
    },
    "geometryType": "esriGeometryPoint",
    "layerId": 0,
    "layerName": "Muinaisjäännökset_piste",
    "value": "Kissakoski 2                                                                                        ",
  },
  Object {
    "attributes": Object {
      "OBJECTID": "8051",
      "Shape": "Point",
      "ajoitus": "kivikautinen,  ,  ,  ",
      "alatyyppi": "asumuspainanteet, röykkiöt,  ,  ",
      "inspireID": "http://paikkatiedot.fi/so/1000272/ps/ProtectedSite/582010009_P8051",
      "kohdenimi": "Kissakangas                                                                                         ",
      "kunta": "Raahe                                                                                               ",
      "laji": "kiinteä muinaisjäännös                                                                              ",
      "luontipvm": "23.11.2001",
      "mjtunnus": "582010009",
      "muutospvm": "19.11.2018 14:09:02",
      "paikannustapa": "Maastomittaus",
      "paikannustarkkuus": "Ei tiedossa",
      "selite": "",
      "tyyppi": "asuinpaikat, kivirakenteet,  ,  ",
      "url": "www.kyppi.fi/to.aspx?id=112.582010009",
      "vedenalainen": "e",
      "x": "390955.315",
      "y": "7168794.326",
    },
    "displayFieldName": "inspireID",
    "foundFieldName": "kohdenimi",
    "geometry": Object {
      "spatialReference": Object {
        "latestWkid": 3067,
        "wkid": 102139,
      },
      "x": 390952.69010000024,
      "y": 7168772.701299999,
    },
    "geometryType": "esriGeometryPoint",
    "layerId": 0,
    "layerName": "Muinaisjäännökset_piste",
    "value": "Kissakangas                                                                                         ",
  },
  Object {
    "attributes": Object {
      "OBJECTID": "11347",
      "Shape": "Point",
      "ajoitus": "kivikautinen,  ,  ,  ",
      "alatyyppi": "ei määritelty,  ,  ,  ",
      "inspireID": "http://paikkatiedot.fi/so/1000272/ps/ProtectedSite/765010064_P11347",
      "kohdenimi": "Kissalahti                                                                                          ",
      "kunta": "Sotkamo                                                                                             ",
      "laji": "kiinteä muinaisjäännös                                                                              ",
      "luontipvm": "29.12.1998",
      "mjtunnus": "765010064",
      "muutospvm": "28.1.2011",
      "paikannustapa": "Null",
      "paikannustarkkuus": "Null",
      "selite": " ",
      "tyyppi": "asuinpaikat,  ,  ,  ",
      "url": "www.kyppi.fi/to.aspx?id=112.765010064",
      "vedenalainen": "e",
      "x": "565542.265",
      "y": "7114260.844",
    },
    "displayFieldName": "inspireID",
    "foundFieldName": "kohdenimi",
    "geometry": Object {
      "spatialReference": Object {
        "latestWkid": 3067,
        "wkid": 102139,
      },
      "x": 565542.2654999997,
      "y": 7114260.8442,
    },
    "geometryType": "esriGeometryPoint",
    "layerId": 0,
    "layerName": "Muinaisjäännökset_piste",
    "value": "Kissalahti                                                                                          ",
  },
  Object {
    "attributes": Object {
      "OBJECTID": "15137",
      "Shape": "Point",
      "ajoitus": "historiallinen,  ,  ,  ",
      "alatyyppi": "rautaruukit,  ,  ,  ",
      "inspireID": "http://paikkatiedot.fi/so/1000272/ps/ProtectedSite/1000001560_P15137",
      "kohdenimi": "Kissakosken ruukki                                                                                  ",
      "kunta": "Kuopio                                                                                              ",
      "laji": "kiinteä muinaisjäännös                                                                              ",
      "luontipvm": "3.4.2003",
      "mjtunnus": "1000001560",
      "muutospvm": "28.1.2011",
      "paikannustapa": "Null",
      "paikannustarkkuus": "Null",
      "selite": " ",
      "tyyppi": "teollisuuskohteet,  ,  ,  ",
      "url": "www.kyppi.fi/to.aspx?id=112.1000001560",
      "vedenalainen": "e",
      "x": "575013.818",
      "y": "7009905.888",
    },
    "displayFieldName": "inspireID",
    "foundFieldName": "kohdenimi",
    "geometry": Object {
      "spatialReference": Object {
        "latestWkid": 3067,
        "wkid": 102139,
      },
      "x": 575013.8185,
      "y": 7009905.888099998,
    },
    "geometryType": "esriGeometryPoint",
    "layerId": 0,
    "layerName": "Muinaisjäännökset_piste",
    "value": "Kissakosken ruukki                                                                                  ",
  },
  Object {
    "attributes": Object {
      "OBJECTID": "16759",
      "Shape": "Point",
      "ajoitus": "historiallinen,  ,  ,  ",
      "alatyyppi": "ei määritelty,  ,  ,  ",
      "inspireID": "http://paikkatiedot.fi/so/1000272/ps/ProtectedSite/1000004354_P16759",
      "kohdenimi": "Santahamina Kissalampi 1                                                                            ",
      "kunta": "Helsinki                                                                                            ",
      "laji": "kiinteä muinaisjäännös                                                                              ",
      "luontipvm": "24.10.2005",
      "mjtunnus": "1000004354",
      "muutospvm": "28.1.2011",
      "paikannustapa": "Null",
      "paikannustarkkuus": "Null",
      "selite": " ",
      "tyyppi": "kivirakenteet,  ,  ,  ",
      "url": "www.kyppi.fi/to.aspx?id=112.1000004354",
      "vedenalainen": "e",
      "x": "393254.439",
      "y": "6669629.039",
    },
    "displayFieldName": "inspireID",
    "foundFieldName": "kohdenimi",
    "geometry": Object {
      "spatialReference": Object {
        "latestWkid": 3067,
        "wkid": 102139,
      },
      "x": 393254.43900000025,
      "y": 6669629.039799999,
    },
    "geometryType": "esriGeometryPoint",
    "layerId": 0,
    "layerName": "Muinaisjäännökset_piste",
    "value": "Santahamina Kissalampi 1                                                                            ",
  },
  Object {
    "attributes": Object {
      "OBJECTID": "16760",
      "Shape": "Point",
      "ajoitus": "historiallinen,  ,  ,  ",
      "alatyyppi": "ei määritelty,  ,  ,  ",
      "inspireID": "http://paikkatiedot.fi/so/1000272/ps/ProtectedSite/1000004355_P16760",
      "kohdenimi": "Santahamina Kissalampi 2                                                                            ",
      "kunta": "Helsinki                                                                                            ",
      "laji": "kiinteä muinaisjäännös                                                                              ",
      "luontipvm": "24.10.2005",
      "mjtunnus": "1000004355",
      "muutospvm": "28.1.2011",
      "paikannustapa": "Null",
      "paikannustarkkuus": "Null",
      "selite": " ",
      "tyyppi": "kivirakenteet,  ,  ,  ",
      "url": "www.kyppi.fi/to.aspx?id=112.1000004355",
      "vedenalainen": "e",
      "x": "393140.48",
      "y": "6669691.008",
    },
    "displayFieldName": "inspireID",
    "foundFieldName": "kohdenimi",
    "geometry": Object {
      "spatialReference": Object {
        "latestWkid": 3067,
        "wkid": 102139,
      },
      "x": 393140.4804999996,
      "y": 6669691.0085,
    },
    "geometryType": "esriGeometryPoint",
    "layerId": 0,
    "layerName": "Muinaisjäännökset_piste",
    "value": "Santahamina Kissalampi 2                                                                            ",
  },
  Object {
    "attributes": Object {
      "OBJECTID": "17099",
      "Shape": "Point",
      "ajoitus": "kivikautinen,  ,  ,  ",
      "alatyyppi": "ei määritelty,  ,  ,  ",
      "inspireID": "http://paikkatiedot.fi/so/1000272/ps/ProtectedSite/1000005114_P17099",
      "kohdenimi": "Kissaniemi                                                                                          ",
      "kunta": "Ilomantsi                                                                                           ",
      "laji": "kiinteä muinaisjäännös                                                                              ",
      "luontipvm": "25.1.2006",
      "mjtunnus": "1000005114",
      "muutospvm": "28.1.2011",
      "paikannustapa": "Null",
      "paikannustarkkuus": "Null",
      "selite": " ",
      "tyyppi": "asuinpaikat,  ,  ,  ",
      "url": "www.kyppi.fi/to.aspx?id=112.1000005114",
      "vedenalainen": "e",
      "x": "683235.304",
      "y": "6987752.213",
    },
    "displayFieldName": "inspireID",
    "foundFieldName": "kohdenimi",
    "geometry": Object {
      "spatialReference": Object {
        "latestWkid": 3067,
        "wkid": 102139,
      },
      "x": 683235.3041000003,
      "y": 6987752.213399999,
    },
    "geometryType": "esriGeometryPoint",
    "layerId": 0,
    "layerName": "Muinaisjäännökset_piste",
    "value": "Kissaniemi                                                                                          ",
  },
  Object {
    "attributes": Object {
      "OBJECTID": "17485",
      "Shape": "Point",
      "ajoitus": "historiallinen,  ,  ,  ",
      "alatyyppi": "ei määritelty,  ,  ,  ",
      "inspireID": "http://paikkatiedot.fi/so/1000272/ps/ProtectedSite/1000005947_P17485",
      "kohdenimi": "Kissakoski                                                                                          ",
      "kunta": "Hirvensalmi                                                                                         ",
      "laji": "kiinteä muinaisjäännös                                                                              ",
      "luontipvm": "21.7.2006",
      "mjtunnus": "1000005947",
      "muutospvm": "28.1.2011",
      "paikannustapa": "Null",
      "paikannustarkkuus": "Null",
      "selite": " ",
      "tyyppi": "puolustusvarustukset,  ,  ,  ",
      "url": "www.kyppi.fi/to.aspx?id=112.1000005947",
      "vedenalainen": "e",
      "x": "486974.965",
      "y": "6832473.959",
    },
    "displayFieldName": "inspireID",
    "foundFieldName": "kohdenimi",
    "geometry": Object {
      "spatialReference": Object {
        "latestWkid": 3067,
        "wkid": 102139,
      },
      "x": 486974.96559999976,
      "y": 6832473.9591999985,
    },
    "geometryType": "esriGeometryPoint",
    "layerId": 0,
    "layerName": "Muinaisjäännökset_piste",
    "value": "Kissakoski                                                                                          ",
  },
  Object {
    "attributes": Object {
      "OBJECTID": "26880",
      "Shape": "Point",
      "ajoitus": "historiallinen,  ,  ,  ",
      "alatyyppi": "tervahaudat,  ,  ,  ",
      "inspireID": "http://paikkatiedot.fi/so/1000272/ps/ProtectedSite/1000006830_P26880",
      "kohdenimi": "Kissannokka                                                                                         ",
      "kunta": "Tammela                                                                                             ",
      "laji": "kiinteä muinaisjäännös                                                                              ",
      "luontipvm": "11.12.2006",
      "mjtunnus": "1000006830",
      "muutospvm": "28.1.2011",
      "paikannustapa": "Null",
      "paikannustarkkuus": "Null",
      "selite": " ",
      "tyyppi": "työ- ja valmistuspaikat,  ,  ,  ",
      "url": "www.kyppi.fi/to.aspx?id=112.1000006830",
      "vedenalainen": "e",
      "x": "323638.109",
      "y": "6735267.308",
    },
    "displayFieldName": "inspireID",
    "foundFieldName": "kohdenimi",
    "geometry": Object {
      "spatialReference": Object {
        "latestWkid": 3067,
        "wkid": 102139,
      },
      "x": 323638.10929999966,
      "y": 6735267.308700001,
    },
    "geometryType": "esriGeometryPoint",
    "layerId": 0,
    "layerName": "Muinaisjäännökset_piste",
    "value": "Kissannokka                                                                                         ",
  },
  Object {
    "attributes": Object {
      "OBJECTID": "20040",
      "Shape": "Point",
      "ajoitus": "esihistoriallinen,  ,  ,  ",
      "alatyyppi": "kuopat,  ,  ,  ",
      "inspireID": "http://paikkatiedot.fi/so/1000272/ps/ProtectedSite/1000010313_P20040",
      "kohdenimi": "Kissalampi                                                                                          ",
      "kunta": "Muhos                                                                                               ",
      "laji": "kiinteä muinaisjäännös                                                                              ",
      "luontipvm": "31.1.2008",
      "mjtunnus": "1000010313",
      "muutospvm": "28.1.2011",
      "paikannustapa": "Null",
      "paikannustarkkuus": "Null",
      "selite": " ",
      "tyyppi": "maarakenteet,  ,  ,  ",
      "url": "www.kyppi.fi/to.aspx?id=112.1000010313",
      "vedenalainen": "e",
      "x": "473046.324",
      "y": "7163588.691",
    },
    "displayFieldName": "inspireID",
    "foundFieldName": "kohdenimi",
    "geometry": Object {
      "spatialReference": Object {
        "latestWkid": 3067,
        "wkid": 102139,
      },
      "x": 473046.3241999997,
      "y": 7163588.691199999,
    },
    "geometryType": "esriGeometryPoint",
    "layerId": 0,
    "layerName": "Muinaisjäännökset_piste",
    "value": "Kissalampi                                                                                          ",
  },
  Object {
    "attributes": Object {
      "OBJECTID": "20526",
      "Shape": "Point",
      "ajoitus": "kivikautinen,  ,  ,  ",
      "alatyyppi": "ei määritelty,  ,  ,  ",
      "inspireID": "http://paikkatiedot.fi/so/1000272/ps/ProtectedSite/1000011185_P20526",
      "kohdenimi": "Kissamäki                                                                                           ",
      "kunta": "Vieremä                                                                                             ",
      "laji": "kiinteä muinaisjäännös                                                                              ",
      "luontipvm": "19.3.2008",
      "mjtunnus": "1000011185",
      "muutospvm": "28.1.2011",
      "paikannustapa": "Null",
      "paikannustarkkuus": "Null",
      "selite": " ",
      "tyyppi": "asuinpaikat,  ,  ,  ",
      "url": "www.kyppi.fi/to.aspx?id=112.1000011185",
      "vedenalainen": "e",
      "x": "502477.823",
      "y": "7062331.522",
    },
    "displayFieldName": "inspireID",
    "foundFieldName": "kohdenimi",
    "geometry": Object {
      "spatialReference": Object {
        "latestWkid": 3067,
        "wkid": 102139,
      },
      "x": 502477.8233000003,
      "y": 7062331.522100002,
    },
    "geometryType": "esriGeometryPoint",
    "layerId": 0,
    "layerName": "Muinaisjäännökset_piste",
    "value": "Kissamäki                                                                                           ",
  },
  Object {
    "attributes": Object {
      "OBJECTID": "29441",
      "Shape": "Point",
      "ajoitus": "historiallinen,  ,  ,  ",
      "alatyyppi": "hautausmaat,  ,  ,  ",
      "inspireID": "http://paikkatiedot.fi/so/1000272/ps/ProtectedSite/1000014234_P29441",
      "kohdenimi": "Kissanonnenkangas 1                                                                                 ",
      "kunta": "Luumäki                                                                                             ",
      "laji": "kiinteä muinaisjäännös                                                                              ",
      "luontipvm": "9.7.2009",
      "mjtunnus": "1000014234",
      "muutospvm": "28.1.2011",
      "paikannustapa": "Null",
      "paikannustarkkuus": "Null",
      "selite": "Piste on luotu automaattisesti tietokannan koordinaattien avulla",
      "tyyppi": "hautapaikat,  ,  ,  ",
      "url": "www.kyppi.fi/to.aspx?id=112.1000014234",
      "vedenalainen": "e",
      "x": "531410.434",
      "y": "6753685.871",
    },
    "displayFieldName": "inspireID",
    "foundFieldName": "kohdenimi",
    "geometry": Object {
      "spatialReference": Object {
        "latestWkid": 3067,
        "wkid": 102139,
      },
      "x": 531410.4347000001,
      "y": 6753685.8718,
    },
    "geometryType": "esriGeometryPoint",
    "layerId": 0,
    "layerName": "Muinaisjäännökset_piste",
    "value": "Kissanonnenkangas 1                                                                                 ",
  },
  Object {
    "attributes": Object {
      "OBJECTID": "29440",
      "Shape": "Point",
      "ajoitus": "historiallinen,  ,  ,  ",
      "alatyyppi": "sotilasleirit,  ,  ,  ",
      "inspireID": "http://paikkatiedot.fi/so/1000272/ps/ProtectedSite/1000014236_P29440",
      "kohdenimi": "Kissanonnenkangas 2                                                                                 ",
      "kunta": "Luumäki                                                                                             ",
      "laji": "muu kulttuuriperintökohde                                                                           ",
      "luontipvm": "9.7.2009",
      "mjtunnus": "1000014236",
      "muutospvm": "28.1.2011",
      "paikannustapa": "Null",
      "paikannustarkkuus": "Null",
      "selite": "Piste on luotu automaattisesti tietokannan koordinaattien avulla",
      "tyyppi": "asuinpaikat,  ,  ,  ",
      "url": "www.kyppi.fi/to.aspx?id=112.1000014236",
      "vedenalainen": "e",
      "x": "531538.38",
      "y": "6754258.641",
    },
    "displayFieldName": "inspireID",
    "foundFieldName": "kohdenimi",
    "geometry": Object {
      "spatialReference": Object {
        "latestWkid": 3067,
        "wkid": 102139,
      },
      "x": 531538.3805999998,
      "y": 6754258.641799999,
    },
    "geometryType": "esriGeometryPoint",
    "layerId": 0,
    "layerName": "Muinaisjäännökset_piste",
    "value": "Kissanonnenkangas 2                                                                                 ",
  },
  Object {
    "attributes": Object {
      "OBJECTID": "36237",
      "Shape": "Point",
      "ajoitus": "historiallinen,  ,  ,  ",
      "alatyyppi": "ei määritelty,  ,  ,  ",
      "inspireID": "http://paikkatiedot.fi/so/1000272/ps/ProtectedSite/1000015430_P36237",
      "kohdenimi": "Santahamina Kissalampi 4                                                                            ",
      "kunta": "Helsinki                                                                                            ",
      "laji": "kiinteä muinaisjäännös                                                                              ",
      "luontipvm": "10.3.2010",
      "mjtunnus": "1000015430",
      "muutospvm": "28.1.2011",
      "paikannustapa": "Tarkastus",
      "paikannustarkkuus": "Tarkka (< 10 m)",
      "selite": " ",
      "tyyppi": "puolustusvarustukset,  ,  ,  ",
      "url": "www.kyppi.fi/to.aspx?id=112.1000015430",
      "vedenalainen": "e",
      "x": "393332.406",
      "y": "6669465.103",
    },
    "displayFieldName": "inspireID",
    "foundFieldName": "kohdenimi",
    "geometry": Object {
      "spatialReference": Object {
        "latestWkid": 3067,
        "wkid": 102139,
      },
      "x": 393332.4064999996,
      "y": 6669465.1039,
    },
    "geometryType": "esriGeometryPoint",
    "layerId": 0,
    "layerName": "Muinaisjäännökset_piste",
    "value": "Santahamina Kissalampi 4                                                                            ",
  },
  Object {
    "attributes": Object {
      "OBJECTID": "36007",
      "Shape": "Point",
      "ajoitus": "historiallinen,  ,  ,  ",
      "alatyyppi": "kivivarustukset,  ,  ,  ",
      "inspireID": "http://paikkatiedot.fi/so/1000272/ps/ProtectedSite/1000015431_P36007",
      "kohdenimi": "Santahamina Kissalampi 5                                                                            ",
      "kunta": "Helsinki                                                                                            ",
      "laji": "kiinteä muinaisjäännös                                                                              ",
      "luontipvm": "10.3.2010",
      "mjtunnus": "1000015431",
      "muutospvm": "28.1.2011",
      "paikannustapa": "Tarkastus",
      "paikannustarkkuus": "Tarkka (< 10 m)",
      "selite": " ",
      "tyyppi": "puolustusvarustukset,  ,  ,  ",
      "url": "www.kyppi.fi/to.aspx?id=112.1000015431",
      "vedenalainen": "e",
      "x": "393018.534",
      "y": "6669164.223",
    },
    "displayFieldName": "inspireID",
    "foundFieldName": "kohdenimi",
    "geometry": Object {
      "spatialReference": Object {
        "latestWkid": 3067,
        "wkid": 102139,
      },
      "x": 393018.53419999965,
      "y": 6669164.2234000005,
    },
    "geometryType": "esriGeometryPoint",
    "layerId": 0,
    "layerName": "Muinaisjäännökset_piste",
    "value": "Santahamina Kissalampi 5                                                                            ",
  },
  Object {
    "attributes": Object {
      "OBJECTID": "36238",
      "Shape": "Point",
      "ajoitus": "historiallinen,  ,  ,  ",
      "alatyyppi": "tykkiasemat,  ,  ,  ",
      "inspireID": "http://paikkatiedot.fi/so/1000272/ps/ProtectedSite/1000015432_P36238",
      "kohdenimi": "Santahamina Kissalampi 6                                                                            ",
      "kunta": "Helsinki                                                                                            ",
      "laji": "kiinteä muinaisjäännös                                                                              ",
      "luontipvm": "10.3.2010",
      "mjtunnus": "1000015432",
      "muutospvm": "28.1.2011",
      "paikannustapa": "Tarkastus",
      "paikannustarkkuus": "Tarkka (< 10 m)",
      "selite": " ",
      "tyyppi": "puolustusvarustukset,  ,  ,  ",
      "url": "www.kyppi.fi/to.aspx?id=112.1000015432",
      "vedenalainen": "e",
      "x": "392739.645",
      "y": "6669419.119",
    },
    "displayFieldName": "inspireID",
    "foundFieldName": "kohdenimi",
    "geometry": Object {
      "spatialReference": Object {
        "latestWkid": 3067,
        "wkid": 102139,
      },
      "x": 392739.6451000003,
      "y": 6669419.1194,
    },
    "geometryType": "esriGeometryPoint",
    "layerId": 0,
    "layerName": "Muinaisjäännökset_piste",
    "value": "Santahamina Kissalampi 6                                                                            ",
  },
  Object {
    "attributes": Object {
      "OBJECTID": "42135",
      "Shape": "Point",
      "ajoitus": "moderni,  ,  ,  ",
      "alatyyppi": "taistelukaivannot,  ,  ,  ",
      "inspireID": "http://paikkatiedot.fi/so/1000272/ps/ProtectedSite/1000018249_P42135",
      "kohdenimi": "Kissakallio                                                                                         ",
      "kunta": "Savonlinna                                                                                          ",
      "laji": "muu kulttuuriperintökohde                                                                           ",
      "luontipvm": "14.2.2011",
      "mjtunnus": "1000018249",
      "muutospvm": "14.2.2011",
      "paikannustapa": "Maastomittaus",
      "paikannustarkkuus": "Ohjeellinen (10 - 100 m)",
      "selite": " ",
      "tyyppi": "puolustusvarustukset,  ,  ,  ",
      "url": "www.kyppi.fi/to.aspx?id=112.1000018249",
      "vedenalainen": "e",
      "x": "625954",
      "y": "6845523",
    },
    "displayFieldName": "inspireID",
    "foundFieldName": "kohdenimi",
    "geometry": Object {
      "spatialReference": Object {
        "latestWkid": 3067,
        "wkid": 102139,
      },
      "x": 625954,
      "y": 6845523,
    },
    "geometryType": "esriGeometryPoint",
    "layerId": 0,
    "layerName": "Muinaisjäännökset_piste",
    "value": "Kissakallio                                                                                         ",
  },
  Object {
    "attributes": Object {
      "OBJECTID": "48243",
      "Shape": "Point",
      "ajoitus": "historiallinen,  ,  ,  ",
      "alatyyppi": "kaskiröykkiöt,  ,  ,  ",
      "inspireID": "http://paikkatiedot.fi/so/1000272/ps/ProtectedSite/1000021102_P48243",
      "kohdenimi": "Kissakivi 1                                                                                         ",
      "kunta": "Mikkeli                                                                                             ",
      "laji": "kiinteä muinaisjäännös                                                                              ",
      "luontipvm": "28.1.2013",
      "mjtunnus": "1000021102",
      "muutospvm": "Null",
      "paikannustapa": "Null",
      "paikannustarkkuus": "Null",
      "selite": "Piste on luotu automaattisesti tietokannan koordinaattien avulla",
      "tyyppi": "työ- ja valmistuspaikat,  ,  ,  ",
      "url": "www.kyppi.fi/to.aspx?id=112.1000021102",
      "vedenalainen": "e",
      "x": "500845",
      "y": "6829006",
    },
    "displayFieldName": "inspireID",
    "foundFieldName": "kohdenimi",
    "geometry": Object {
      "spatialReference": Object {
        "latestWkid": 3067,
        "wkid": 102139,
      },
      "x": 500845,
      "y": 6829006,
    },
    "geometryType": "esriGeometryPoint",
    "layerId": 0,
    "layerName": "Muinaisjäännökset_piste",
    "value": "Kissakivi 1                                                                                         ",
  },
  Object {
    "attributes": Object {
      "OBJECTID": "48244",
      "Shape": "Point",
      "ajoitus": "historiallinen,  ,  ,  ",
      "alatyyppi": "kaskiröykkiöt,  ,  ,  ",
      "inspireID": "http://paikkatiedot.fi/so/1000272/ps/ProtectedSite/1000021103_P48244",
      "kohdenimi": "Kissakivi 2                                                                                         ",
      "kunta": "Mikkeli                                                                                             ",
      "laji": "kiinteä muinaisjäännös                                                                              ",
      "luontipvm": "28.1.2013",
      "mjtunnus": "1000021103",
      "muutospvm": "Null",
      "paikannustapa": "Null",
      "paikannustarkkuus": "Null",
      "selite": "Piste on luotu automaattisesti tietokannan koordinaattien avulla",
      "tyyppi": "työ- ja valmistuspaikat,  ,  ,  ",
      "url": "www.kyppi.fi/to.aspx?id=112.1000021103",
      "vedenalainen": "e",
      "x": "500745",
      "y": "6828949",
    },
    "displayFieldName": "inspireID",
    "foundFieldName": "kohdenimi",
    "geometry": Object {
      "spatialReference": Object {
        "latestWkid": 3067,
        "wkid": 102139,
      },
      "x": 500745,
      "y": 6828949,
    },
    "geometryType": "esriGeometryPoint",
    "layerId": 0,
    "layerName": "Muinaisjäännökset_piste",
    "value": "Kissakivi 2                                                                                         ",
  },
  Object {
    "attributes": Object {
      "OBJECTID": "128712",
      "Shape": "Point",
      "ajoitus": "historiallinen,  ,  ,  ",
      "alatyyppi": "tervahaudat,  ,  ,  ",
      "inspireID": "http://paikkatiedot.fi/so/1000272/ps/ProtectedSite/1000029872_P128712",
      "kohdenimi": "Kissalampi                                                                                          ",
      "kunta": "Sotkamo                                                                                             ",
      "laji": "kiinteä muinaisjäännös                                                                              ",
      "luontipvm": "10.1.2017 12:44:56",
      "mjtunnus": "1000029872",
      "muutospvm": "Null",
      "paikannustapa": "Null",
      "paikannustarkkuus": "Null",
      "selite": "Null",
      "tyyppi": "työ- ja valmistuspaikat,  ,  ,  ",
      "url": "www.kyppi.fi/to.aspx?id=112.1000029872",
      "vedenalainen": "e",
      "x": "567871",
      "y": "7130839",
    },
    "displayFieldName": "inspireID",
    "foundFieldName": "kohdenimi",
    "geometry": Object {
      "spatialReference": Object {
        "latestWkid": 3067,
        "wkid": 102139,
      },
      "x": 567871,
      "y": 7130839,
    },
    "geometryType": "esriGeometryPoint",
    "layerId": 0,
    "layerName": "Muinaisjäännökset_piste",
    "value": "Kissalampi                                                                                          ",
  },
  Object {
    "attributes": Object {
      "OBJECTID": "129438",
      "Shape": "Point",
      "ajoitus": "historiallinen,  ,  ,  ",
      "alatyyppi": "karsikkopaikat,  ,  ,  ",
      "inspireID": "http://paikkatiedot.fi/so/1000272/ps/ProtectedSite/1000030189_P129438",
      "kohdenimi": "Lampaanjärvi Kissalahti                                                                             ",
      "kunta": "Pielavesi                                                                                           ",
      "laji": "kiinteä muinaisjäännös                                                                              ",
      "luontipvm": "24.1.2017 10:10:49",
      "mjtunnus": "1000030189",
      "muutospvm": "Null",
      "paikannustapa": "Null",
      "paikannustarkkuus": "Null",
      "selite": "Null",
      "tyyppi": "kultti- ja tarinapaikat,  ,  ,  ",
      "url": "www.kyppi.fi/to.aspx?id=112.1000030189",
      "vedenalainen": "e",
      "x": "496862",
      "y": "7028666",
    },
    "displayFieldName": "inspireID",
    "foundFieldName": "kohdenimi",
    "geometry": Object {
      "spatialReference": Object {
        "latestWkid": 3067,
        "wkid": 102139,
      },
      "x": 496862,
      "y": 7028666,
    },
    "geometryType": "esriGeometryPoint",
    "layerId": 0,
    "layerName": "Muinaisjäännökset_piste",
    "value": "Lampaanjärvi Kissalahti                                                                             ",
  },
  Object {
    "attributes": Object {
      "ID": "4436",
      "OBJECTID": "1370",
      "SHAPE": "Polygon",
      "inspireID": "http://paikkatiedot.fi/so/1000034/ps/ProtectedSite/4436_A1370",
      "kohdenimi": "Kissakosken kanava ja tehdasalue",
      "nimi": " ",
      "url": "http://www.rky.fi/read/asp/r_kohde_det.aspx?KOHDE_ID=4436",
    },
    "displayFieldName": "inspireID",
    "foundFieldName": "kohdenimi",
    "geometry": Object {
      "rings": Array [
        Array [
          Array [
            487199.61390000023,
            6831932.397100002,
          ],
          Array [
            486560.0856999997,
            6832190.7896,
          ],
          Array [
            486391.1939000003,
            6832403.132199999,
          ],
          Array [
            487410.06149999984,
            6832902.270300001,
          ],
          Array [
            487516.6606999999,
            6832806.297400001,
          ],
          Array [
            487199.61390000023,
            6831932.397100002,
          ],
        ],
      ],
      "spatialReference": Object {
        "latestWkid": 3067,
        "wkid": 102139,
      },
    },
    "geometryType": "esriGeometryPolygon",
    "layerId": 4,
    "layerName": "RKY_alue",
    "value": "Kissakosken kanava ja tehdasalue",
  },
]
`;

exports[`MuseovirastoArcGISWMS .identifyFeaturesAt fetch features by map coordinate from ArcGIS identify service 1`] = `
Object {
  "results": Array [
    Object {
      "attributes": Object {
        "OBJECTID": "29025",
        "Shape": "Point",
        "ajoitus": "historiallinen,  ,  ,  ",
        "alatyyppi": "luolat,  ,  ,  ",
        "inspireID": "http://paikkatiedot.fi/so/1000272/ps/ProtectedSite/1000013921_P29025",
        "kohdenimi": "Luola G 10 (Itä-Pasila)                                                                             ",
        "kunta": "Helsinki                                                                                            ",
        "laji": "kiinteä muinaisjäännös                                                                              ",
        "luontipvm": "18.3.2009",
        "mjtunnus": "1000013921",
        "muutospvm": "12.5.2017 10:28:34",
        "paikannustapa": "Maastomittaus",
        "paikannustarkkuus": "Ohjeellinen (10 - 100 m)",
        "selite": "Koordinaatit luolan keskipisteestä",
        "tyyppi": "puolustusvarustukset,  ,  ,  ",
        "url": "www.kyppi.fi/to.aspx?id=112.1000013921",
        "vedenalainen": "e",
        "x": "385680.152",
        "y": "6675217.333",
      },
      "displayFieldName": "inspireID",
      "geometry": Object {
        "spatialReference": Object {
          "latestWkid": 3067,
          "wkid": 102139,
        },
        "x": 385664.0619000001,
        "y": 6675169.519099999,
      },
      "geometryType": "esriGeometryPoint",
      "layerId": 0,
      "layerName": "Muinaisjäännökset_piste",
      "value": "http://paikkatiedot.fi/so/1000272/ps/ProtectedSite/1000013921_P29025",
    },
    Object {
      "attributes": Object {
        "OBJECTID": "198218",
        "Shape": "Polygon",
        "digimk": "Null",
        "digipvm": "Null",
        "inspireID": "http://paikkatiedot.fi/so/1000272/ps/ProtectedSite/1000013921_A198218",
        "kohdenimi": "Luola G 10 (Itä-Pasila)                                                                             ",
        "kunta": "Helsinki                                                                                            ",
        "laji": "kiinteä muinaisjäännös                                                                              ",
        "lähdetiedon_ajoitus": "",
        "mjtunnus": "1000013921",
        "muutospvm": "",
        "url": "www.kyppi.fi/to.aspx?id=112.1000013921",
      },
      "displayFieldName": "inspireID",
      "geometry": Object {
        "rings": Array [
          Array [
            Array [
              385621.9369000001,
              6675239.394099999,
            ],
            Array [
              385710.3119000001,
              6675234.644099999,
            ],
            Array [
              385698.8119000001,
              6675068.394099999,
            ],
            Array [
              385608.5619000001,
              6675069.519099999,
            ],
            Array [
              385621.9369000001,
              6675239.394099999,
            ],
          ],
        ],
        "spatialReference": Object {
          "latestWkid": 3067,
          "wkid": 102139,
        },
      },
      "geometryType": "esriGeometryPolygon",
      "layerId": 1,
      "layerName": "Muinaisjäännökset_alue",
      "value": "http://paikkatiedot.fi/so/1000272/ps/ProtectedSite/1000013921_A198218",
    },
    Object {
      "attributes": Object {
        "OBJECTID": "1682",
        "Shape": "Point",
        "inspireID": "http://paikkatiedot.fi/so/1000000/ps/ProtectedSite/304144_1682",
        "kohdeID": "200316",
        "kohdenimi": "Pasilan veturitallit ja rautatieläistalot",
        "kunta": "Helsinki                                                                                            ",
        "rakennusID": "304144",
        "rakennusnimi": "Sauna-pesula                                                                                        ",
        "suojelun_tila": "Hyväksytty                                                                                          ",
        "suojeluryhmä": "Rautatiesopimus 1998,  ,  ,  ",
        "url": "www.kyppi.fi/to.aspx?id=130.200316",
        "vtj_prt": "102317340B               ",
        "x": "385314.829",
        "y": "6674835.798",
      },
      "displayFieldName": "inspireID",
      "geometry": Object {
        "spatialReference": Object {
          "latestWkid": 3067,
          "wkid": 102139,
        },
        "x": 385314.8295999998,
        "y": 6674835.7982,
      },
      "geometryType": "esriGeometryPoint",
      "layerId": 2,
      "layerName": "Suojellut_rakennukset_piste",
      "value": "http://paikkatiedot.fi/so/1000000/ps/ProtectedSite/304144_1682",
    },
    Object {
      "attributes": Object {
        "OBJECTID": "1685",
        "Shape": "Point",
        "inspireID": "http://paikkatiedot.fi/so/1000000/ps/ProtectedSite/304221_1685",
        "kohdeID": "200316",
        "kohdenimi": "Pasilan veturitallit ja rautatieläistalot",
        "kunta": "Helsinki                                                                                            ",
        "rakennusID": "304221",
        "rakennusnimi": "Veturitalli                                                                                         ",
        "suojelun_tila": "Hyväksytty                                                                                          ",
        "suojeluryhmä": "Rautatiesopimus 1998,  ,  ,  ",
        "url": "www.kyppi.fi/to.aspx?id=130.200316",
        "vtj_prt": "Null",
        "x": "385390.165",
        "y": "6675012.637",
      },
      "displayFieldName": "inspireID",
      "geometry": Object {
        "spatialReference": Object {
          "latestWkid": 3067,
          "wkid": 102139,
        },
        "x": 385390.1651999997,
        "y": 6675012.6373,
      },
      "geometryType": "esriGeometryPoint",
      "layerId": 2,
      "layerName": "Suojellut_rakennukset_piste",
      "value": "http://paikkatiedot.fi/so/1000000/ps/ProtectedSite/304221_1685",
    },
    Object {
      "attributes": Object {
        "OBJECTID": "1679",
        "Shape": "Point",
        "inspireID": "http://paikkatiedot.fi/so/1000000/ps/ProtectedSite/304222_1679",
        "kohdeID": "200316",
        "kohdenimi": "Pasilan veturitallit ja rautatieläistalot",
        "kunta": "Helsinki                                                                                            ",
        "rakennusID": "304222",
        "rakennusnimi": "Veturitalli                                                                                         ",
        "suojelun_tila": "Hyväksytty                                                                                          ",
        "suojeluryhmä": "Rautatiesopimus 1998,  ,  ,  ",
        "url": "www.kyppi.fi/to.aspx?id=130.200316",
        "vtj_prt": "102317346J               ",
        "x": "385368.693",
        "y": "6675070.986",
      },
      "displayFieldName": "inspireID",
      "geometry": Object {
        "spatialReference": Object {
          "latestWkid": 3067,
          "wkid": 102139,
        },
        "x": 385368.6935999999,
        "y": 6675070.9869,
      },
      "geometryType": "esriGeometryPoint",
      "layerId": 2,
      "layerName": "Suojellut_rakennukset_piste",
      "value": "http://paikkatiedot.fi/so/1000000/ps/ProtectedSite/304222_1679",
    },
    Object {
      "attributes": Object {
        "OBJECTID": "1680",
        "Shape": "Point",
        "inspireID": "http://paikkatiedot.fi/so/1000000/ps/ProtectedSite/304131_1680",
        "kohdeID": "200316",
        "kohdenimi": "Pasilan veturitallit ja rautatieläistalot",
        "kunta": "Helsinki                                                                                            ",
        "rakennusID": "304131",
        "rakennusnimi": "Asuinkasarmi                                                                                        ",
        "suojelun_tila": "Hyväksytty                                                                                          ",
        "suojeluryhmä": "Rautatiesopimus 1998,  ,  ,  ",
        "url": "www.kyppi.fi/to.aspx?id=130.200316",
        "vtj_prt": "102317348L               ",
        "x": "385304.381",
        "y": "6674884.819",
      },
      "displayFieldName": "inspireID",
      "geometry": Object {
        "spatialReference": Object {
          "latestWkid": 3067,
          "wkid": 102139,
        },
        "x": 385304.3814000003,
        "y": 6674884.8192,
      },
      "geometryType": "esriGeometryPoint",
      "layerId": 2,
      "layerName": "Suojellut_rakennukset_piste",
      "value": "http://paikkatiedot.fi/so/1000000/ps/ProtectedSite/304131_1680",
    },
    Object {
      "attributes": Object {
        "OBJECTID": "1686",
        "Shape": "Point",
        "inspireID": "http://paikkatiedot.fi/so/1000000/ps/ProtectedSite/304218_1686",
        "kohdeID": "200316",
        "kohdenimi": "Pasilan veturitallit ja rautatieläistalot",
        "kunta": "Helsinki                                                                                            ",
        "rakennusID": "304218",
        "rakennusnimi": "Veturitalli                                                                                         ",
        "suojelun_tila": "Hyväksytty                                                                                          ",
        "suojeluryhmä": "Rautatiesopimus 1998,  ,  ,  ",
        "url": "www.kyppi.fi/to.aspx?id=130.200316",
        "vtj_prt": "102317349M               ",
        "x": "385414.449",
        "y": "6674926.842",
      },
      "displayFieldName": "inspireID",
      "geometry": Object {
        "spatialReference": Object {
          "latestWkid": 3067,
          "wkid": 102139,
        },
        "x": 385414.4494000003,
        "y": 6674926.842599999,
      },
      "geometryType": "esriGeometryPoint",
      "layerId": 2,
      "layerName": "Suojellut_rakennukset_piste",
      "value": "http://paikkatiedot.fi/so/1000000/ps/ProtectedSite/304218_1686",
    },
    Object {
      "attributes": Object {
        "OBJECTID": "1681",
        "Shape": "Point",
        "inspireID": "http://paikkatiedot.fi/so/1000000/ps/ProtectedSite/304599_1681",
        "kohdeID": "200316",
        "kohdenimi": "Pasilan veturitallit ja rautatieläistalot",
        "kunta": "Helsinki                                                                                            ",
        "rakennusID": "304599",
        "rakennusnimi": "Konttori                                                                                            ",
        "suojelun_tila": "Hyväksytty                                                                                          ",
        "suojeluryhmä": "Rautatiesopimus 1998,  ,  ,  ",
        "url": "www.kyppi.fi/to.aspx?id=130.200316",
        "vtj_prt": "Null",
        "x": "385396.017",
        "y": "6674986.491",
      },
      "displayFieldName": "inspireID",
      "geometry": Object {
        "spatialReference": Object {
          "latestWkid": 3067,
          "wkid": 102139,
        },
        "x": 385396.0175000001,
        "y": 6674986.4915,
      },
      "geometryType": "esriGeometryPoint",
      "layerId": 2,
      "layerName": "Suojellut_rakennukset_piste",
      "value": "http://paikkatiedot.fi/so/1000000/ps/ProtectedSite/304599_1681",
    },
    Object {
      "attributes": Object {
        "OBJECTID": "1683",
        "Shape": "Point",
        "inspireID": "http://paikkatiedot.fi/so/1000000/ps/ProtectedSite/304081_1683",
        "kohdeID": "200316",
        "kohdenimi": "Pasilan veturitallit ja rautatieläistalot",
        "kunta": "Helsinki                                                                                            ",
        "rakennusID": "304081",
        "rakennusnimi": "Asuinkasarmi Toralinna                                                                              ",
        "suojelun_tila": "Hyväksytty                                                                                          ",
        "suojeluryhmä": "Rautatiesopimus 1998,  ,  ,  ",
        "url": "www.kyppi.fi/to.aspx?id=130.200316",
        "vtj_prt": "1023076570               ",
        "x": "385277.495",
        "y": "6674877.72",
      },
      "displayFieldName": "inspireID",
      "geometry": Object {
        "spatialReference": Object {
          "latestWkid": 3067,
          "wkid": 102139,
        },
        "x": 385277.49569999985,
        "y": 6674877.7202,
      },
      "geometryType": "esriGeometryPoint",
      "layerId": 2,
      "layerName": "Suojellut_rakennukset_piste",
      "value": "http://paikkatiedot.fi/so/1000000/ps/ProtectedSite/304081_1683",
    },
    Object {
      "attributes": Object {
        "ID": "1578",
        "OBJECTID": "1292",
        "SHAPE": "Polygon",
        "inspireID": "http://paikkatiedot.fi/so/1000034/ps/ProtectedSite/1578_A1292",
        "kohdenimi": "Pasilan veturitallit, konepaja ja SOK:n teollisuuskorttelit",
        "nimi": " ",
        "url": "http://www.rky.fi/read/asp/r_kohde_det.aspx?KOHDE_ID=1578",
      },
      "displayFieldName": "inspireID",
      "geometry": Object {
        "rings": Array [
          Array [
            Array [
              385352.22589999996,
              6675109.8452,
            ],
            Array [
              385366.80510000046,
              6675118.923699999,
            ],
            Array [
              385393.2260999996,
              6675124.4728999995,
            ],
            Array [
              385439.40490000043,
              6675122.0735,
            ],
            Array [
              385445.8041000003,
              6675093.2885,
            ],
            Array [
              385441.5412999997,
              6674985.6171,
            ],
            Array [
              385421.2810000004,
              6674863.5481,
            ],
            Array [
              385406.3640999999,
              6674767.0746,
            ],
            Array [
              385400.5011999998,
              6674714.8336,
            ],
            Array [
              385325.7740000002,
              6674692.597100001,
            ],
            Array [
              385287.40419999976,
              6674736.9692,
            ],
            Array [
              385240.7139999997,
              6674761.524700001,
            ],
            Array [
              385253.8830000004,
              6674798.238500001,
            ],
            Array [
              385258.3110999996,
              6674827.513499999,
            ],
            Array [
              385240.71329999994,
              6674905.969799999,
            ],
            Array [
              385229.2670999998,
              6674978.9372000005,
            ],
            Array [
              385369.7662000004,
              6674988.086300001,
            ],
            Array [
              385355.0959999999,
              6675021.8204,
            ],
            Array [
              385348.04530000035,
              6675056.8544,
            ],
            Array [
              385344.1035000002,
              6675080.4802,
            ],
            Array [
              385352.22589999996,
              6675109.8452,
            ],
          ],
        ],
        "spatialReference": Object {
          "latestWkid": 3067,
          "wkid": 102139,
        },
      },
      "geometryType": "esriGeometryPolygon",
      "layerId": 4,
      "layerName": "RKY_alue",
      "value": "http://paikkatiedot.fi/so/1000034/ps/ProtectedSite/1578_A1292",
    },
  ],
}
`;
