// Jest Snapshot v1, https://goo.gl/fbAQLP

exports[`MuseovirastoArcGISWMS .findFeatures fetch features from ArcGIS find service with name 1`] = `
Array [
  Object {
    "attributes": Object {
      "ID": "4436",
      "KOHDENIMI": "Kissakosken kanava ja tehdasalue",
      "OBJECTID": "4864348",
      "SHAPE": "Polygon",
      "SHAPE.STArea()": "549436.822266",
      "SHAPE.STLength()": "3168.707631",
    },
    "displayFieldName": "KOHDENIMI",
    "foundFieldName": "KOHDENIMI",
    "geometry": Object {
      "rings": Array [
        Array [
          Array [
            487199.61390000023,
            6831932.397100002,
          ],
          Array [
            486560.0856999997,
            6832190.7896,
          ],
          Array [
            486391.1939000003,
            6832403.132199999,
          ],
          Array [
            487410.06149999984,
            6832902.270300001,
          ],
          Array [
            487516.6606999999,
            6832806.297400001,
          ],
          Array [
            487199.61390000023,
            6831932.397100002,
          ],
        ],
      ],
      "spatialReference": Object {
        "latestWkid": 3067,
        "wkid": 102139,
      },
    },
    "geometryType": "esriGeometryPolygon",
    "layerId": 1,
    "layerName": "RKY alueet",
    "value": "Kissakosken kanava ja tehdasalue",
  },
  Object {
    "attributes": Object {
      "Ajoitus": "historiallinen,  ,  ,  ",
      "Alakohdetunnus": "0",
      "Alatyyppi": "hautausmaat,  ,  ,  ",
      "Kohdenimi": "Kissanonnenkangas 1                                                                                 ",
      "Kunta": "Luumäki                                                                                             ",
      "Laji": "kiinteä muinaisjäännös                                                                              ",
      "Tunnus": "1000014234",
      "Tyyppi": "hautapaikat,  ,  ,  ",
      "URL": "https://www.kyppi.fi/to.aspx?id=112.1000014234",
      "fid": "120489807",
      "x": "531410.434",
      "y": "6753685.871",
    },
    "displayFieldName": "Kohdenimi",
    "foundFieldName": "Kohdenimi",
    "geometry": Object {
      "spatialReference": Object {
        "latestWkid": 3067,
        "wkid": 102139,
      },
      "x": 531410.4347000001,
      "y": 6753685.8718,
    },
    "geometryType": "esriGeometryPoint",
    "layerId": 13,
    "layerName": "Muinaisjäännökset",
    "value": "Kissanonnenkangas 1                                                                                 ",
  },
  Object {
    "attributes": Object {
      "Ajoitus": "historiallinen,  ,  ,  ",
      "Alakohdetunnus": "0",
      "Alatyyppi": "ei määritelty,  ,  ,  ",
      "Kohdenimi": "Santahamina Kissalampi 1                                                                            ",
      "Kunta": "Helsinki                                                                                            ",
      "Laji": "kiinteä muinaisjäännös                                                                              ",
      "Tunnus": "1000004354",
      "Tyyppi": "kivirakenteet,  ,  ,  ",
      "URL": "https://www.kyppi.fi/to.aspx?id=112.1000004354",
      "fid": "120498328",
      "x": "393254.439",
      "y": "6669629.039",
    },
    "displayFieldName": "Kohdenimi",
    "foundFieldName": "Kohdenimi",
    "geometry": Object {
      "spatialReference": Object {
        "latestWkid": 3067,
        "wkid": 102139,
      },
      "x": 393254.43900000025,
      "y": 6669629.039799999,
    },
    "geometryType": "esriGeometryPoint",
    "layerId": 13,
    "layerName": "Muinaisjäännökset",
    "value": "Santahamina Kissalampi 1                                                                            ",
  },
  Object {
    "attributes": Object {
      "Ajoitus": "historiallinen,  ,  ,  ",
      "Alakohdetunnus": "0",
      "Alatyyppi": "ei määritelty,  ,  ,  ",
      "Kohdenimi": "Santahamina Kissalampi 2                                                                            ",
      "Kunta": "Helsinki                                                                                            ",
      "Laji": "kiinteä muinaisjäännös                                                                              ",
      "Tunnus": "1000004355",
      "Tyyppi": "kivirakenteet,  ,  ,  ",
      "URL": "https://www.kyppi.fi/to.aspx?id=112.1000004355",
      "fid": "120498329",
      "x": "393140.48",
      "y": "6669691.008",
    },
    "displayFieldName": "Kohdenimi",
    "foundFieldName": "Kohdenimi",
    "geometry": Object {
      "spatialReference": Object {
        "latestWkid": 3067,
        "wkid": 102139,
      },
      "x": 393140.4804999996,
      "y": 6669691.0085,
    },
    "geometryType": "esriGeometryPoint",
    "layerId": 13,
    "layerName": "Muinaisjäännökset",
    "value": "Santahamina Kissalampi 2                                                                            ",
  },
  Object {
    "attributes": Object {
      "Ajoitus": "historiallinen,  ,  ,  ",
      "Alakohdetunnus": "Null",
      "Alatyyppi": "tervahaudat,  ,  ,  ",
      "Kohdenimi": "Kissalampi                                                                                          ",
      "Kunta": "Sotkamo                                                                                             ",
      "Laji": "kiinteä muinaisjäännös                                                                              ",
      "Tunnus": "1000029872",
      "Tyyppi": "työ- ja valmistuspaikat,  ,  ,  ",
      "URL": "https://www.kyppi.fi/to.aspx?id=112.1000029872",
      "fid": "120505376",
      "x": "567871",
      "y": "7130839",
    },
    "displayFieldName": "Kohdenimi",
    "foundFieldName": "Kohdenimi",
    "geometry": Object {
      "spatialReference": Object {
        "latestWkid": 3067,
        "wkid": 102139,
      },
      "x": 567871,
      "y": 7130839,
    },
    "geometryType": "esriGeometryPoint",
    "layerId": 13,
    "layerName": "Muinaisjäännökset",
    "value": "Kissalampi                                                                                          ",
  },
  Object {
    "attributes": Object {
      "Ajoitus": "ajoittamaton,  ,  ,  ",
      "Alakohdetunnus": "0",
      "Alatyyppi": "röykkiöt,  ,  ,  ",
      "Kohdenimi": "Kissasaari                                                                                          ",
      "Kunta": "Honkajoki                                                                                           ",
      "Laji": "kiinteä muinaisjäännös                                                                              ",
      "Tunnus": "99010021",
      "Tyyppi": "kivirakenteet,  ,  ,  ",
      "URL": "https://www.kyppi.fi/to.aspx?id=112.99010021",
      "fid": "120468981",
      "x": "248950.478",
      "y": "6872956.642",
    },
    "displayFieldName": "Kohdenimi",
    "foundFieldName": "Kohdenimi",
    "geometry": Object {
      "spatialReference": Object {
        "latestWkid": 3067,
        "wkid": 102139,
      },
      "x": 248950.47890000045,
      "y": 6872956.642499998,
    },
    "geometryType": "esriGeometryPoint",
    "layerId": 13,
    "layerName": "Muinaisjäännökset",
    "value": "Kissasaari                                                                                          ",
  },
  Object {
    "attributes": Object {
      "Ajoitus": "historiallinen,  ,  ,  ",
      "Alakohdetunnus": "0",
      "Alatyyppi": "rautaruukit,  ,  ,  ",
      "Kohdenimi": "Kissakosken ruukki                                                                                  ",
      "Kunta": "Kuopio                                                                                              ",
      "Laji": "kiinteä muinaisjäännös                                                                              ",
      "Tunnus": "1000001560",
      "Tyyppi": "teollisuuskohteet,  ,  ,  ",
      "URL": "https://www.kyppi.fi/to.aspx?id=112.1000001560",
      "fid": "120478731",
      "x": "575013.818",
      "y": "7009905.888",
    },
    "displayFieldName": "Kohdenimi",
    "foundFieldName": "Kohdenimi",
    "geometry": Object {
      "spatialReference": Object {
        "latestWkid": 3067,
        "wkid": 102139,
      },
      "x": 575013.8185,
      "y": 7009905.888099998,
    },
    "geometryType": "esriGeometryPoint",
    "layerId": 13,
    "layerName": "Muinaisjäännökset",
    "value": "Kissakosken ruukki                                                                                  ",
  },
  Object {
    "attributes": Object {
      "Ajoitus": "kivikautinen,  ,  ,  ",
      "Alakohdetunnus": "0",
      "Alatyyppi": "ei määritelty,  ,  ,  ",
      "Kohdenimi": "Kissakoski 1                                                                                        ",
      "Kunta": "Orimattila                                                                                          ",
      "Laji": "kiinteä muinaisjäännös                                                                              ",
      "Tunnus": "560010048",
      "Tyyppi": "asuinpaikat,  ,  ,  ",
      "URL": "https://www.kyppi.fi/to.aspx?id=112.560010048",
      "fid": "120495082",
      "x": "428259.035",
      "y": "6735212.827",
    },
    "displayFieldName": "Kohdenimi",
    "foundFieldName": "Kohdenimi",
    "geometry": Object {
      "spatialReference": Object {
        "latestWkid": 3067,
        "wkid": 102139,
      },
      "x": 428259.03500000015,
      "y": 6735212.8278,
    },
    "geometryType": "esriGeometryPoint",
    "layerId": 13,
    "layerName": "Muinaisjäännökset",
    "value": "Kissakoski 1                                                                                        ",
  },
  Object {
    "attributes": Object {
      "Ajoitus": "historiallinen,  ,  ,  ",
      "Alakohdetunnus": "Null",
      "Alatyyppi": "karsikkopaikat,  ,  ,  ",
      "Kohdenimi": "Lampaanjärvi Kissalahti                                                                             ",
      "Kunta": "Pielavesi                                                                                           ",
      "Laji": "kiinteä muinaisjäännös                                                                              ",
      "Tunnus": "1000030189",
      "Tyyppi": "kultti- ja tarinapaikat,  ,  ,  ",
      "URL": "https://www.kyppi.fi/to.aspx?id=112.1000030189",
      "fid": "120505577",
      "x": "496862",
      "y": "7028666",
    },
    "displayFieldName": "Kohdenimi",
    "foundFieldName": "Kohdenimi",
    "geometry": Object {
      "spatialReference": Object {
        "latestWkid": 3067,
        "wkid": 102139,
      },
      "x": 496862,
      "y": 7028666,
    },
    "geometryType": "esriGeometryPoint",
    "layerId": 13,
    "layerName": "Muinaisjäännökset",
    "value": "Lampaanjärvi Kissalahti                                                                             ",
  },
  Object {
    "attributes": Object {
      "Ajoitus": "kivikautinen,  ,  ,  ",
      "Alakohdetunnus": "0",
      "Alatyyppi": "ei määritelty,  ,  ,  ",
      "Kohdenimi": "Kissalahti                                                                                          ",
      "Kunta": "Sotkamo                                                                                             ",
      "Laji": "kiinteä muinaisjäännös                                                                              ",
      "Tunnus": "765010064",
      "Tyyppi": "asuinpaikat,  ,  ,  ",
      "URL": "https://www.kyppi.fi/to.aspx?id=112.765010064",
      "fid": "120491647",
      "x": "565542.265",
      "y": "7114260.844",
    },
    "displayFieldName": "Kohdenimi",
    "foundFieldName": "Kohdenimi",
    "geometry": Object {
      "spatialReference": Object {
        "latestWkid": 3067,
        "wkid": 102139,
      },
      "x": 565542.2654999997,
      "y": 7114260.8442,
    },
    "geometryType": "esriGeometryPoint",
    "layerId": 13,
    "layerName": "Muinaisjäännökset",
    "value": "Kissalahti                                                                                          ",
  },
  Object {
    "attributes": Object {
      "Ajoitus": "kivikautinen,  ,  ,  ",
      "Alakohdetunnus": "0",
      "Alatyyppi": "ei määritelty,  ,  ,  ",
      "Kohdenimi": "Granlund, Kissaviia                                                                                 ",
      "Kunta": "Siikalatva                                                                                          ",
      "Laji": "kiinteä muinaisjäännös                                                                              ",
      "Tunnus": "436010005",
      "Tyyppi": "asuinpaikat,  ,  ,  ",
      "URL": "https://www.kyppi.fi/to.aspx?id=112.436010005",
      "fid": "120494651",
      "x": "446359",
      "y": "7154273",
    },
    "displayFieldName": "Kohdenimi",
    "foundFieldName": "Kohdenimi",
    "geometry": Object {
      "spatialReference": Object {
        "latestWkid": 3067,
        "wkid": 102139,
      },
      "x": 446359,
      "y": 7154273,
    },
    "geometryType": "esriGeometryPoint",
    "layerId": 13,
    "layerName": "Muinaisjäännökset",
    "value": "Granlund, Kissaviia                                                                                 ",
  },
  Object {
    "attributes": Object {
      "Ajoitus": "rautakautinen,  ,  ,  ",
      "Alakohdetunnus": "0",
      "Alatyyppi": "polttokenttäkalmistot,  ,  ,  ",
      "Kohdenimi": "Kissankallio                                                                                        ",
      "Kunta": "Jämsä                                                                                               ",
      "Laji": "kiinteä muinaisjäännös                                                                              ",
      "Tunnus": "183010054",
      "Tyyppi": "hautapaikat,  ,  ,  ",
      "URL": "https://www.kyppi.fi/to.aspx?id=112.183010054",
      "fid": "120466324",
      "x": "404286.104",
      "y": "6862719.436",
    },
    "displayFieldName": "Kohdenimi",
    "foundFieldName": "Kohdenimi",
    "geometry": Object {
      "spatialReference": Object {
        "latestWkid": 3067,
        "wkid": 102139,
      },
      "x": 404286.10419999994,
      "y": 6862719.4362,
    },
    "geometryType": "esriGeometryPoint",
    "layerId": 13,
    "layerName": "Muinaisjäännökset",
    "value": "Kissankallio                                                                                        ",
  },
  Object {
    "attributes": Object {
      "Ajoitus": "historiallinen,  ,  ,  ",
      "Alakohdetunnus": "0",
      "Alatyyppi": "kaskiröykkiöt,  ,  ,  ",
      "Kohdenimi": "Kissakivi 1                                                                                         ",
      "Kunta": "Mikkeli                                                                                             ",
      "Laji": "kiinteä muinaisjäännös                                                                              ",
      "Tunnus": "1000021102",
      "Tyyppi": "työ- ja valmistuspaikat,  ,  ,  ",
      "URL": "https://www.kyppi.fi/to.aspx?id=112.1000021102",
      "fid": "120494846",
      "x": "500845",
      "y": "6829006",
    },
    "displayFieldName": "Kohdenimi",
    "foundFieldName": "Kohdenimi",
    "geometry": Object {
      "spatialReference": Object {
        "latestWkid": 3067,
        "wkid": 102139,
      },
      "x": 500845,
      "y": 6829006,
    },
    "geometryType": "esriGeometryPoint",
    "layerId": 13,
    "layerName": "Muinaisjäännökset",
    "value": "Kissakivi 1                                                                                         ",
  },
  Object {
    "attributes": Object {
      "Ajoitus": "historiallinen,  ,  ,  ",
      "Alakohdetunnus": "0",
      "Alatyyppi": "kaskiröykkiöt,  ,  ,  ",
      "Kohdenimi": "Kissakivi 2                                                                                         ",
      "Kunta": "Mikkeli                                                                                             ",
      "Laji": "kiinteä muinaisjäännös                                                                              ",
      "Tunnus": "1000021103",
      "Tyyppi": "työ- ja valmistuspaikat,  ,  ,  ",
      "URL": "https://www.kyppi.fi/to.aspx?id=112.1000021103",
      "fid": "120509462",
      "x": "500745",
      "y": "6828949",
    },
    "displayFieldName": "Kohdenimi",
    "foundFieldName": "Kohdenimi",
    "geometry": Object {
      "spatialReference": Object {
        "latestWkid": 3067,
        "wkid": 102139,
      },
      "x": 500745,
      "y": 6828949,
    },
    "geometryType": "esriGeometryPoint",
    "layerId": 13,
    "layerName": "Muinaisjäännökset",
    "value": "Kissakivi 2                                                                                         ",
  },
  Object {
    "attributes": Object {
      "Ajoitus": "kivikautinen,  ,  ,  ",
      "Alakohdetunnus": "0",
      "Alatyyppi": "ei määritelty,  ,  ,  ",
      "Kohdenimi": "Kissaniemi                                                                                          ",
      "Kunta": "Ilomantsi                                                                                           ",
      "Laji": "kiinteä muinaisjäännös                                                                              ",
      "Tunnus": "1000005114",
      "Tyyppi": "asuinpaikat,  ,  ,  ",
      "URL": "https://www.kyppi.fi/to.aspx?id=112.1000005114",
      "fid": "120480078",
      "x": "683235.304",
      "y": "6987752.213",
    },
    "displayFieldName": "Kohdenimi",
    "foundFieldName": "Kohdenimi",
    "geometry": Object {
      "spatialReference": Object {
        "latestWkid": 3067,
        "wkid": 102139,
      },
      "x": 683235.3041000003,
      "y": 6987752.213399999,
    },
    "geometryType": "esriGeometryPoint",
    "layerId": 13,
    "layerName": "Muinaisjäännökset",
    "value": "Kissaniemi                                                                                          ",
  },
  Object {
    "attributes": Object {
      "Ajoitus": "historiallinen,  ,  ,  ",
      "Alakohdetunnus": "0",
      "Alatyyppi": "ei määritelty,  ,  ,  ",
      "Kohdenimi": "Kissakoski                                                                                          ",
      "Kunta": "Hirvensalmi                                                                                         ",
      "Laji": "kiinteä muinaisjäännös                                                                              ",
      "Tunnus": "1000005947",
      "Tyyppi": "puolustusvarustukset,  ,  ,  ",
      "URL": "https://www.kyppi.fi/to.aspx?id=112.1000005947",
      "fid": "120480261",
      "x": "486974.965",
      "y": "6832473.959",
    },
    "displayFieldName": "Kohdenimi",
    "foundFieldName": "Kohdenimi",
    "geometry": Object {
      "spatialReference": Object {
        "latestWkid": 3067,
        "wkid": 102139,
      },
      "x": 486974.96559999976,
      "y": 6832473.9591999985,
    },
    "geometryType": "esriGeometryPoint",
    "layerId": 13,
    "layerName": "Muinaisjäännökset",
    "value": "Kissakoski                                                                                          ",
  },
  Object {
    "attributes": Object {
      "Ajoitus": "historiallinen,  ,  ,  ",
      "Alakohdetunnus": "0",
      "Alatyyppi": "tervahaudat,  ,  ,  ",
      "Kohdenimi": "Kissannokka                                                                                         ",
      "Kunta": "Tammela                                                                                             ",
      "Laji": "kiinteä muinaisjäännös                                                                              ",
      "Tunnus": "1000006830",
      "Tyyppi": "työ- ja valmistuspaikat,  ,  ,  ",
      "URL": "https://www.kyppi.fi/to.aspx?id=112.1000006830",
      "fid": "120462580",
      "x": "323638.109",
      "y": "6735267.308",
    },
    "displayFieldName": "Kohdenimi",
    "foundFieldName": "Kohdenimi",
    "geometry": Object {
      "spatialReference": Object {
        "latestWkid": 3067,
        "wkid": 102139,
      },
      "x": 323638.10929999966,
      "y": 6735267.308700001,
    },
    "geometryType": "esriGeometryPoint",
    "layerId": 13,
    "layerName": "Muinaisjäännökset",
    "value": "Kissannokka                                                                                         ",
  },
  Object {
    "attributes": Object {
      "Ajoitus": "kivikautinen,  ,  ,  ",
      "Alakohdetunnus": "0",
      "Alatyyppi": "ei määritelty,  ,  ,  ",
      "Kohdenimi": "Kissamäki                                                                                           ",
      "Kunta": "Vieremä                                                                                             ",
      "Laji": "kiinteä muinaisjäännös                                                                              ",
      "Tunnus": "1000011185",
      "Tyyppi": "asuinpaikat,  ,  ,  ",
      "URL": "https://www.kyppi.fi/to.aspx?id=112.1000011185",
      "fid": "120496409",
      "x": "502477.823",
      "y": "7062331.522",
    },
    "displayFieldName": "Kohdenimi",
    "foundFieldName": "Kohdenimi",
    "geometry": Object {
      "spatialReference": Object {
        "latestWkid": 3067,
        "wkid": 102139,
      },
      "x": 502477.8233000003,
      "y": 7062331.522100002,
    },
    "geometryType": "esriGeometryPoint",
    "layerId": 13,
    "layerName": "Muinaisjäännökset",
    "value": "Kissamäki                                                                                           ",
  },
  Object {
    "attributes": Object {
      "Ajoitus": "varhaismetallikautinen,  ,  ,  ",
      "Alakohdetunnus": "0",
      "Alatyyppi": "lapinrauniot,  ,  ,  ",
      "Kohdenimi": "Kissanniemi                                                                                         ",
      "Kunta": "Joroinen                                                                                            ",
      "Laji": "kiinteä muinaisjäännös                                                                              ",
      "Tunnus": "171010003",
      "Tyyppi": "hautapaikat,  ,  ,  ",
      "URL": "https://www.kyppi.fi/to.aspx?id=112.171010003",
      "fid": "120463498",
      "x": "550952.179",
      "y": "6894910.865",
    },
    "displayFieldName": "Kohdenimi",
    "foundFieldName": "Kohdenimi",
    "geometry": Object {
      "spatialReference": Object {
        "latestWkid": 3067,
        "wkid": 102139,
      },
      "x": 550952.1797000002,
      "y": 6894910.865200002,
    },
    "geometryType": "esriGeometryPoint",
    "layerId": 13,
    "layerName": "Muinaisjäännökset",
    "value": "Kissanniemi                                                                                         ",
  },
  Object {
    "attributes": Object {
      "Ajoitus": "kivikautinen,  ,  ,  ",
      "Alakohdetunnus": "0",
      "Alatyyppi": "ei määritelty,  ,  ,  ",
      "Kohdenimi": "Kissakoski 2                                                                                        ",
      "Kunta": "Orimattila                                                                                          ",
      "Laji": "kiinteä muinaisjäännös                                                                              ",
      "Tunnus": "560010049",
      "Tyyppi": "asuinpaikat,  ,  ,  ",
      "URL": "https://www.kyppi.fi/to.aspx?id=112.560010049",
      "fid": "120465547",
      "x": "428339.001",
      "y": "6735092.878",
    },
    "displayFieldName": "Kohdenimi",
    "foundFieldName": "Kohdenimi",
    "geometry": Object {
      "spatialReference": Object {
        "latestWkid": 3067,
        "wkid": 102139,
      },
      "x": 428339.0016999999,
      "y": 6735092.878900001,
    },
    "geometryType": "esriGeometryPoint",
    "layerId": 13,
    "layerName": "Muinaisjäännökset",
    "value": "Kissakoski 2                                                                                        ",
  },
  Object {
    "attributes": Object {
      "Ajoitus": "kivikautinen,  ,  ,  ",
      "Alakohdetunnus": "0",
      "Alatyyppi": "asumuspainanteet, röykkiöt,  ,  ",
      "Kohdenimi": "Kissakangas                                                                                         ",
      "Kunta": "Raahe                                                                                               ",
      "Laji": "kiinteä muinaisjäännös                                                                              ",
      "Tunnus": "582010009",
      "Tyyppi": "asuinpaikat, kivirakenteet,  ,  ",
      "URL": "https://www.kyppi.fi/to.aspx?id=112.582010009",
      "fid": "120465710",
      "x": "390955.315",
      "y": "7168794.326",
    },
    "displayFieldName": "Kohdenimi",
    "foundFieldName": "Kohdenimi",
    "geometry": Object {
      "spatialReference": Object {
        "latestWkid": 3067,
        "wkid": 102139,
      },
      "x": 390952.69010000024,
      "y": 7168772.701299999,
    },
    "geometryType": "esriGeometryPoint",
    "layerId": 13,
    "layerName": "Muinaisjäännökset",
    "value": "Kissakangas                                                                                         ",
  },
  Object {
    "attributes": Object {
      "Ajoitus": "esihistoriallinen,  ,  ,  ",
      "Alakohdetunnus": "0",
      "Alatyyppi": "kuopat,  ,  ,  ",
      "Kohdenimi": "Kissalampi                                                                                          ",
      "Kunta": "Muhos                                                                                               ",
      "Laji": "kiinteä muinaisjäännös                                                                              ",
      "Tunnus": "1000010313",
      "Tyyppi": "maarakenteet,  ,  ,  ",
      "URL": "https://www.kyppi.fi/to.aspx?id=112.1000010313",
      "fid": "120482260",
      "x": "473046.324",
      "y": "7163588.691",
    },
    "displayFieldName": "Kohdenimi",
    "foundFieldName": "Kohdenimi",
    "geometry": Object {
      "spatialReference": Object {
        "latestWkid": 3067,
        "wkid": 102139,
      },
      "x": 473046.3241999997,
      "y": 7163588.691199999,
    },
    "geometryType": "esriGeometryPoint",
    "layerId": 13,
    "layerName": "Muinaisjäännökset",
    "value": "Kissalampi                                                                                          ",
  },
  Object {
    "attributes": Object {
      "Ajoitus": "historiallinen,  ,  ,  ",
      "Alakohdetunnus": "0",
      "Alatyyppi": "ei määritelty,  ,  ,  ",
      "Kohdenimi": "Santahamina Kissalampi 4                                                                            ",
      "Kunta": "Helsinki                                                                                            ",
      "Laji": "kiinteä muinaisjäännös                                                                              ",
      "Tunnus": "1000015430",
      "Tyyppi": "puolustusvarustukset,  ,  ,  ",
      "URL": "https://www.kyppi.fi/to.aspx?id=112.1000015430",
      "fid": "120485131",
      "x": "393332.406",
      "y": "6669465.103",
    },
    "displayFieldName": "Kohdenimi",
    "foundFieldName": "Kohdenimi",
    "geometry": Object {
      "spatialReference": Object {
        "latestWkid": 3067,
        "wkid": 102139,
      },
      "x": 393332.4064999996,
      "y": 6669465.1039,
    },
    "geometryType": "esriGeometryPoint",
    "layerId": 13,
    "layerName": "Muinaisjäännökset",
    "value": "Santahamina Kissalampi 4                                                                            ",
  },
  Object {
    "attributes": Object {
      "Ajoitus": "historiallinen,  ,  ,  ",
      "Alakohdetunnus": "0",
      "Alatyyppi": "kivivarustukset,  ,  ,  ",
      "Kohdenimi": "Santahamina Kissalampi 5                                                                            ",
      "Kunta": "Helsinki                                                                                            ",
      "Laji": "kiinteä muinaisjäännös                                                                              ",
      "Tunnus": "1000015431",
      "Tyyppi": "puolustusvarustukset,  ,  ,  ",
      "URL": "https://www.kyppi.fi/to.aspx?id=112.1000015431",
      "fid": "120485132",
      "x": "393018.534",
      "y": "6669164.223",
    },
    "displayFieldName": "Kohdenimi",
    "foundFieldName": "Kohdenimi",
    "geometry": Object {
      "spatialReference": Object {
        "latestWkid": 3067,
        "wkid": 102139,
      },
      "x": 393018.53419999965,
      "y": 6669164.2234000005,
    },
    "geometryType": "esriGeometryPoint",
    "layerId": 13,
    "layerName": "Muinaisjäännökset",
    "value": "Santahamina Kissalampi 5                                                                            ",
  },
  Object {
    "attributes": Object {
      "Ajoitus": "historiallinen,  ,  ,  ",
      "Alakohdetunnus": "0",
      "Alatyyppi": "tykkiasemat,  ,  ,  ",
      "Kohdenimi": "Santahamina Kissalampi 6                                                                            ",
      "Kunta": "Helsinki                                                                                            ",
      "Laji": "kiinteä muinaisjäännös                                                                              ",
      "Tunnus": "1000015432",
      "Tyyppi": "puolustusvarustukset,  ,  ,  ",
      "URL": "https://www.kyppi.fi/to.aspx?id=112.1000015432",
      "fid": "120485133",
      "x": "392739.645",
      "y": "6669419.119",
    },
    "displayFieldName": "Kohdenimi",
    "foundFieldName": "Kohdenimi",
    "geometry": Object {
      "spatialReference": Object {
        "latestWkid": 3067,
        "wkid": 102139,
      },
      "x": 392739.6451000003,
      "y": 6669419.1194,
    },
    "geometryType": "esriGeometryPoint",
    "layerId": 13,
    "layerName": "Muinaisjäännökset",
    "value": "Santahamina Kissalampi 6                                                                            ",
  },
]
`;

exports[`MuseovirastoArcGISWMS .identifyFeaturesAt fetch features by map coordinate from ArcGIS identify service 1`] = `
Object {
  "results": Array [
    Object {
      "attributes": Object {
        "ID": "1578",
        "KOHDENIMI": "Pasilan veturitallit, konepaja ja SOK:n teollisuuskorttelit",
        "OBJECTID": "4864432",
        "SHAPE": "Polygon",
        "SHAPE.STArea()": "58802.261475",
        "SHAPE.STLength()": "1181.581443",
      },
      "displayFieldName": "KOHDENIMI",
      "geometry": Object {
        "rings": Array [
          Array [
            Array [
              385352.22589999996,
              6675109.8452,
            ],
            Array [
              385366.80510000046,
              6675118.923699999,
            ],
            Array [
              385393.2260999996,
              6675124.4728999995,
            ],
            Array [
              385439.40490000043,
              6675122.0735,
            ],
            Array [
              385445.8041000003,
              6675093.2885,
            ],
            Array [
              385441.5412999997,
              6674985.6171,
            ],
            Array [
              385421.2810000004,
              6674863.5481,
            ],
            Array [
              385406.3640999999,
              6674767.0746,
            ],
            Array [
              385400.5011999998,
              6674714.8336,
            ],
            Array [
              385325.7740000002,
              6674692.597100001,
            ],
            Array [
              385287.40419999976,
              6674736.9692,
            ],
            Array [
              385240.7139999997,
              6674761.524700001,
            ],
            Array [
              385253.8830000004,
              6674798.238500001,
            ],
            Array [
              385258.3110999996,
              6674827.513499999,
            ],
            Array [
              385240.71329999994,
              6674905.969799999,
            ],
            Array [
              385229.2670999998,
              6674978.9372000005,
            ],
            Array [
              385369.7662000004,
              6674988.086300001,
            ],
            Array [
              385355.0959999999,
              6675021.8204,
            ],
            Array [
              385348.04530000035,
              6675056.8544,
            ],
            Array [
              385344.1035000002,
              6675080.4802,
            ],
            Array [
              385352.22589999996,
              6675109.8452,
            ],
          ],
        ],
        "spatialReference": Object {
          "latestWkid": 3067,
          "wkid": 102139,
        },
      },
      "geometryType": "esriGeometryPolygon",
      "layerId": 1,
      "layerName": "RKY alueet",
      "value": "Pasilan veturitallit, konepaja ja SOK:n teollisuuskorttelit",
    },
    Object {
      "attributes": Object {
        "ID": "1578",
        "KOHDENIMI": "Pasilan veturitallit, konepaja ja SOK:n teollisuuskorttelit",
        "OBJECTID": "4864432",
        "SHAPE": "Polygon",
        "SHAPE.STArea()": "58802.261475",
        "SHAPE.STLength()": "1181.581443",
      },
      "displayFieldName": "KOHDENIMI",
      "geometry": Object {
        "rings": Array [
          Array [
            Array [
              385352.22589999996,
              6675109.8452,
            ],
            Array [
              385366.80510000046,
              6675118.923699999,
            ],
            Array [
              385393.2260999996,
              6675124.4728999995,
            ],
            Array [
              385439.40490000043,
              6675122.0735,
            ],
            Array [
              385445.8041000003,
              6675093.2885,
            ],
            Array [
              385441.5412999997,
              6674985.6171,
            ],
            Array [
              385421.2810000004,
              6674863.5481,
            ],
            Array [
              385406.3640999999,
              6674767.0746,
            ],
            Array [
              385400.5011999998,
              6674714.8336,
            ],
            Array [
              385325.7740000002,
              6674692.597100001,
            ],
            Array [
              385287.40419999976,
              6674736.9692,
            ],
            Array [
              385240.7139999997,
              6674761.524700001,
            ],
            Array [
              385253.8830000004,
              6674798.238500001,
            ],
            Array [
              385258.3110999996,
              6674827.513499999,
            ],
            Array [
              385240.71329999994,
              6674905.969799999,
            ],
            Array [
              385229.2670999998,
              6674978.9372000005,
            ],
            Array [
              385369.7662000004,
              6674988.086300001,
            ],
            Array [
              385355.0959999999,
              6675021.8204,
            ],
            Array [
              385348.04530000035,
              6675056.8544,
            ],
            Array [
              385344.1035000002,
              6675080.4802,
            ],
            Array [
              385352.22589999996,
              6675109.8452,
            ],
          ],
        ],
        "spatialReference": Object {
          "latestWkid": 3067,
          "wkid": 102139,
        },
      },
      "geometryType": "esriGeometryPolygon",
      "layerId": 1,
      "layerName": "RKY alueet",
      "value": "Pasilan veturitallit, konepaja ja SOK:n teollisuuskorttelit",
    },
    Object {
      "attributes": Object {
        "Nimi": "Veturitalli                                                                                         ",
        "Osoite": "Null",
        "RAKEID": "304222",
        "Suojelu": "Rautatiesopimus 1998,  ,  ,  ",
        "URL": "https://www.kyppi.fi/to.aspx?id=130.200316",
        "fid": "8985324",
      },
      "displayFieldName": "Nimi",
      "geometry": Object {
        "spatialReference": Object {
          "latestWkid": 3067,
          "wkid": 102139,
        },
        "x": 385368.6935999999,
        "y": 6675070.9869,
      },
      "geometryType": "esriGeometryPoint",
      "layerId": 9,
      "layerName": "Rakennukset",
      "value": "Veturitalli                                                                                         ",
    },
    Object {
      "attributes": Object {
        "Nimi": "Asuinkasarmi                                                                                        ",
        "Osoite": "Pasila Vr Rak 16 00240 HELSINKI                   ",
        "RAKEID": "304131",
        "Suojelu": "Rautatiesopimus 1998,  ,  ,  ",
        "URL": "https://www.kyppi.fi/to.aspx?id=130.200316",
        "fid": "8985321",
      },
      "displayFieldName": "Nimi",
      "geometry": Object {
        "spatialReference": Object {
          "latestWkid": 3067,
          "wkid": 102139,
        },
        "x": 385304.3814000003,
        "y": 6674884.8192,
      },
      "geometryType": "esriGeometryPoint",
      "layerId": 9,
      "layerName": "Rakennukset",
      "value": "Asuinkasarmi                                                                                        ",
    },
    Object {
      "attributes": Object {
        "Nimi": "Veturitalli                                                                                         ",
        "Osoite": "Tallikatu 99, 00520 Helsinki                      ",
        "RAKEID": "304218",
        "Suojelu": "Rautatiesopimus 1998,  ,  ,  ",
        "URL": "https://www.kyppi.fi/to.aspx?id=130.200316",
        "fid": "8985322",
      },
      "displayFieldName": "Nimi",
      "geometry": Object {
        "spatialReference": Object {
          "latestWkid": 3067,
          "wkid": 102139,
        },
        "x": 385414.4494000003,
        "y": 6674926.842599999,
      },
      "geometryType": "esriGeometryPoint",
      "layerId": 9,
      "layerName": "Rakennukset",
      "value": "Veturitalli                                                                                         ",
    },
    Object {
      "attributes": Object {
        "Nimi": "Konttori                                                                                            ",
        "Osoite": "Null",
        "RAKEID": "304599",
        "Suojelu": "Rautatiesopimus 1998,  ,  ,  ",
        "URL": "https://www.kyppi.fi/to.aspx?id=130.200316",
        "fid": "8985325",
      },
      "displayFieldName": "Nimi",
      "geometry": Object {
        "spatialReference": Object {
          "latestWkid": 3067,
          "wkid": 102139,
        },
        "x": 385396.0175000001,
        "y": 6674986.4915,
      },
      "geometryType": "esriGeometryPoint",
      "layerId": 9,
      "layerName": "Rakennukset",
      "value": "Konttori                                                                                            ",
    },
    Object {
      "attributes": Object {
        "Nimi": "Asuinkasarmi Toralinna                                                                              ",
        "Osoite": "Pasila Vr Rak 16 00240 HELSINKI                   ",
        "RAKEID": "304081",
        "Suojelu": "Rautatiesopimus 1998,  ,  ,  ",
        "URL": "https://www.kyppi.fi/to.aspx?id=130.200316",
        "fid": "8985319",
      },
      "displayFieldName": "Nimi",
      "geometry": Object {
        "spatialReference": Object {
          "latestWkid": 3067,
          "wkid": 102139,
        },
        "x": 385277.49569999985,
        "y": 6674877.7202,
      },
      "geometryType": "esriGeometryPoint",
      "layerId": 9,
      "layerName": "Rakennukset",
      "value": "Asuinkasarmi Toralinna                                                                              ",
    },
    Object {
      "attributes": Object {
        "Nimi": "Sauna-pesula                                                                                        ",
        "Osoite": "Pasila Vr Rak 15 00240 HELSINKI                   ",
        "RAKEID": "304144",
        "Suojelu": "Rautatiesopimus 1998,  ,  ,  ",
        "URL": "https://www.kyppi.fi/to.aspx?id=130.200316",
        "fid": "8985320",
      },
      "displayFieldName": "Nimi",
      "geometry": Object {
        "spatialReference": Object {
          "latestWkid": 3067,
          "wkid": 102139,
        },
        "x": 385314.8295999998,
        "y": 6674835.7982,
      },
      "geometryType": "esriGeometryPoint",
      "layerId": 9,
      "layerName": "Rakennukset",
      "value": "Sauna-pesula                                                                                        ",
    },
    Object {
      "attributes": Object {
        "Nimi": "Veturitalli                                                                                         ",
        "Osoite": "Null",
        "RAKEID": "304221",
        "Suojelu": "Rautatiesopimus 1998,  ,  ,  ",
        "URL": "https://www.kyppi.fi/to.aspx?id=130.200316",
        "fid": "8985323",
      },
      "displayFieldName": "Nimi",
      "geometry": Object {
        "spatialReference": Object {
          "latestWkid": 3067,
          "wkid": 102139,
        },
        "x": 385390.1651999997,
        "y": 6675012.6373,
      },
      "geometryType": "esriGeometryPoint",
      "layerId": 9,
      "layerName": "Rakennukset",
      "value": "Veturitalli                                                                                         ",
    },
    Object {
      "attributes": Object {
        "Nimi": "Veturitalli                                                                                         ",
        "Osoite": "Null",
        "RAKEID": "304222",
        "Suojelu": "Rautatiesopimus 1998,  ,  ,  ",
        "URL": "https://www.kyppi.fi/to.aspx?id=130.200316",
        "fid": "8985324",
      },
      "displayFieldName": "Nimi",
      "geometry": Object {
        "spatialReference": Object {
          "latestWkid": 3067,
          "wkid": 102139,
        },
        "x": 385368.6935999999,
        "y": 6675070.9869,
      },
      "geometryType": "esriGeometryPoint",
      "layerId": 9,
      "layerName": "Rakennukset",
      "value": "Veturitalli                                                                                         ",
    },
    Object {
      "attributes": Object {
        "Nimi": "Asuinkasarmi                                                                                        ",
        "Osoite": "Pasila Vr Rak 16 00240 HELSINKI                   ",
        "RAKEID": "304131",
        "Suojelu": "Rautatiesopimus 1998,  ,  ,  ",
        "URL": "https://www.kyppi.fi/to.aspx?id=130.200316",
        "fid": "8985321",
      },
      "displayFieldName": "Nimi",
      "geometry": Object {
        "spatialReference": Object {
          "latestWkid": 3067,
          "wkid": 102139,
        },
        "x": 385304.3814000003,
        "y": 6674884.8192,
      },
      "geometryType": "esriGeometryPoint",
      "layerId": 9,
      "layerName": "Rakennukset",
      "value": "Asuinkasarmi                                                                                        ",
    },
    Object {
      "attributes": Object {
        "Nimi": "Veturitalli                                                                                         ",
        "Osoite": "Tallikatu 99, 00520 Helsinki                      ",
        "RAKEID": "304218",
        "Suojelu": "Rautatiesopimus 1998,  ,  ,  ",
        "URL": "https://www.kyppi.fi/to.aspx?id=130.200316",
        "fid": "8985322",
      },
      "displayFieldName": "Nimi",
      "geometry": Object {
        "spatialReference": Object {
          "latestWkid": 3067,
          "wkid": 102139,
        },
        "x": 385414.4494000003,
        "y": 6674926.842599999,
      },
      "geometryType": "esriGeometryPoint",
      "layerId": 9,
      "layerName": "Rakennukset",
      "value": "Veturitalli                                                                                         ",
    },
    Object {
      "attributes": Object {
        "Nimi": "Konttori                                                                                            ",
        "Osoite": "Null",
        "RAKEID": "304599",
        "Suojelu": "Rautatiesopimus 1998,  ,  ,  ",
        "URL": "https://www.kyppi.fi/to.aspx?id=130.200316",
        "fid": "8985325",
      },
      "displayFieldName": "Nimi",
      "geometry": Object {
        "spatialReference": Object {
          "latestWkid": 3067,
          "wkid": 102139,
        },
        "x": 385396.0175000001,
        "y": 6674986.4915,
      },
      "geometryType": "esriGeometryPoint",
      "layerId": 9,
      "layerName": "Rakennukset",
      "value": "Konttori                                                                                            ",
    },
    Object {
      "attributes": Object {
        "Nimi": "Asuinkasarmi Toralinna                                                                              ",
        "Osoite": "Pasila Vr Rak 16 00240 HELSINKI                   ",
        "RAKEID": "304081",
        "Suojelu": "Rautatiesopimus 1998,  ,  ,  ",
        "URL": "https://www.kyppi.fi/to.aspx?id=130.200316",
        "fid": "8985319",
      },
      "displayFieldName": "Nimi",
      "geometry": Object {
        "spatialReference": Object {
          "latestWkid": 3067,
          "wkid": 102139,
        },
        "x": 385277.49569999985,
        "y": 6674877.7202,
      },
      "geometryType": "esriGeometryPoint",
      "layerId": 9,
      "layerName": "Rakennukset",
      "value": "Asuinkasarmi Toralinna                                                                              ",
    },
    Object {
      "attributes": Object {
        "Nimi": "Sauna-pesula                                                                                        ",
        "Osoite": "Pasila Vr Rak 15 00240 HELSINKI                   ",
        "RAKEID": "304144",
        "Suojelu": "Rautatiesopimus 1998,  ,  ,  ",
        "URL": "https://www.kyppi.fi/to.aspx?id=130.200316",
        "fid": "8985320",
      },
      "displayFieldName": "Nimi",
      "geometry": Object {
        "spatialReference": Object {
          "latestWkid": 3067,
          "wkid": 102139,
        },
        "x": 385314.8295999998,
        "y": 6674835.7982,
      },
      "geometryType": "esriGeometryPoint",
      "layerId": 9,
      "layerName": "Rakennukset",
      "value": "Sauna-pesula                                                                                        ",
    },
    Object {
      "attributes": Object {
        "Nimi": "Veturitalli                                                                                         ",
        "Osoite": "Null",
        "RAKEID": "304221",
        "Suojelu": "Rautatiesopimus 1998,  ,  ,  ",
        "URL": "https://www.kyppi.fi/to.aspx?id=130.200316",
        "fid": "8985323",
      },
      "displayFieldName": "Nimi",
      "geometry": Object {
        "spatialReference": Object {
          "latestWkid": 3067,
          "wkid": 102139,
        },
        "x": 385390.1651999997,
        "y": 6675012.6373,
      },
      "geometryType": "esriGeometryPoint",
      "layerId": 9,
      "layerName": "Rakennukset",
      "value": "Veturitalli                                                                                         ",
    },
    Object {
      "attributes": Object {
        "Kohdenimi": "Luola G 10 (Itä-Pasila)                                                                             ",
        "Mjtunnus": "1000013921",
        "Shape": "Polygon",
        "Shape.STArea()": "15046.617676",
        "Shape.STLength()": "515.807564",
        "fid": "46202780",
      },
      "displayFieldName": "Kohdenimi",
      "geometry": Object {
        "rings": Array [
          Array [
            Array [
              385621.9369000001,
              6675239.394099999,
            ],
            Array [
              385710.3119000001,
              6675234.644099999,
            ],
            Array [
              385698.8119000001,
              6675068.394099999,
            ],
            Array [
              385608.5619000001,
              6675069.519099999,
            ],
            Array [
              385621.9369000001,
              6675239.394099999,
            ],
          ],
        ],
        "spatialReference": Object {
          "latestWkid": 3067,
          "wkid": 102139,
        },
      },
      "geometryType": "esriGeometryPolygon",
      "layerId": 11,
      "layerName": "Muinaisjäännösalueet",
      "value": "Luola G 10 (Itä-Pasila)                                                                             ",
    },
    Object {
      "attributes": Object {
        "Ajoitus": "historiallinen,  ,  ,  ",
        "Alakohdetunnus": "0",
        "Alatyyppi": "luolat,  ,  ,  ",
        "Kohdenimi": "Luola G 10 (Itä-Pasila)                                                                             ",
        "Kunta": "Helsinki                                                                                            ",
        "Laji": "kiinteä muinaisjäännös                                                                              ",
        "Tunnus": "1000013921",
        "Tyyppi": "puolustusvarustukset,  ,  ,  ",
        "URL": "https://www.kyppi.fi/to.aspx?id=112.1000013921",
        "fid": "120484418",
        "x": "385680.152",
        "y": "6675217.333",
      },
      "displayFieldName": "Kohdenimi",
      "geometry": Object {
        "spatialReference": Object {
          "latestWkid": 3067,
          "wkid": 102139,
        },
        "x": 385664.0619000001,
        "y": 6675169.519099999,
      },
      "geometryType": "esriGeometryPoint",
      "layerId": 13,
      "layerName": "Muinaisjäännökset",
      "value": "Luola G 10 (Itä-Pasila)                                                                             ",
    },
    Object {
      "attributes": Object {
        "Kohdenimi": "Luola G 10 (Itä-Pasila)                                                                             ",
        "Mjtunnus": "1000013921",
        "Shape": "Polygon",
        "Shape.STArea()": "15046.617676",
        "Shape.STLength()": "515.807564",
        "fid": "46202780",
      },
      "displayFieldName": "Kohdenimi",
      "geometry": Object {
        "rings": Array [
          Array [
            Array [
              385621.9369000001,
              6675239.394099999,
            ],
            Array [
              385710.3119000001,
              6675234.644099999,
            ],
            Array [
              385698.8119000001,
              6675068.394099999,
            ],
            Array [
              385608.5619000001,
              6675069.519099999,
            ],
            Array [
              385621.9369000001,
              6675239.394099999,
            ],
          ],
        ],
        "spatialReference": Object {
          "latestWkid": 3067,
          "wkid": 102139,
        },
      },
      "geometryType": "esriGeometryPolygon",
      "layerId": 11,
      "layerName": "Muinaisjäännösalueet",
      "value": "Luola G 10 (Itä-Pasila)                                                                             ",
    },
    Object {
      "attributes": Object {
        "Ajoitus": "historiallinen,  ,  ,  ",
        "Alakohdetunnus": "0",
        "Alatyyppi": "luolat,  ,  ,  ",
        "Kohdenimi": "Luola G 10 (Itä-Pasila)                                                                             ",
        "Kunta": "Helsinki                                                                                            ",
        "Laji": "kiinteä muinaisjäännös                                                                              ",
        "Tunnus": "1000013921",
        "Tyyppi": "puolustusvarustukset,  ,  ,  ",
        "URL": "https://www.kyppi.fi/to.aspx?id=112.1000013921",
        "fid": "120484418",
        "x": "385680.152",
        "y": "6675217.333",
      },
      "displayFieldName": "Kohdenimi",
      "geometry": Object {
        "spatialReference": Object {
          "latestWkid": 3067,
          "wkid": 102139,
        },
        "x": 385664.0619000001,
        "y": 6675169.519099999,
      },
      "geometryType": "esriGeometryPoint",
      "layerId": 13,
      "layerName": "Muinaisjäännökset",
      "value": "Luola G 10 (Itä-Pasila)                                                                             ",
    },
  ],
}
`;
